

================================================================
== Vivado HLS Report for 'jedi'
================================================================
* Date:           Sun Jul 18 16:07:35 2021

* Version:        2019.2 (Build 2704478 on Wed Nov 06 22:10:23 MST 2019)
* Project:        myproject_prj
* Solution:       solution1
* Product family: virtexuplus
* Target device:  xcu250-figd2104-2L-e


================================================================
== Performance Estimates
================================================================
+ Timing: 
    * Summary: 
    +--------+---------+----------+------------+
    |  Clock |  Target | Estimated| Uncertainty|
    +--------+---------+----------+------------+
    |ap_clk  | 5.00 ns | 5.845 ns |   0.62 ns  |
    +--------+---------+----------+------------+

+ Latency: 
    * Summary: 
    +------------+------------+-----------+-----------+------------+------------+---------+
    |     Latency (cycles)    |   Latency (absolute)  |         Interval        | Pipeline|
    |     min    |     max    |    min    |    max    |     min    |     max    |   Type  |
    +------------+------------+-----------+-----------+------------+------------+---------+
    |  1563800167|  1563800167| 9.140 sec | 9.140 sec |  1563800167|  1563800167|   none  |
    +------------+------------+-----------+-----------+------------+------------+---------+

    + Detail: 
        * Instance: 
        N/A

        * Loop: 
        N/A

============================================================
+ Verbose Summary: Synthesis Manager
============================================================
InlineROM: 1
ExposeGlobal: 0
============================================================
+ Verbose Summary: CDFG Model
============================================================
IsTopModel: 1
ResetActiveHigh: 1
IsCombinational: 0
IsDatapathOnly: 0
HasWiredReturn: 1
HasMFsm: 0
HasVarLatency: 1
IsPipeline: 0
IsRtlPipelined: 0
IsInstanceOverlapped: 0
IsDontTouch: 0
HasImplIP: 0
IsGatedGlobalClock: 0


============================================================
+ Verbose Summary: Schedule
============================================================
* Number of FSM states : 16
* Pipeline : 0
* Dataflow Pipeline: 0

* FSM state transitions: 
1 --> 2 
2 --> 3 
3 --> 4 
4 --> 5 
5 --> 6 
6 --> 7 
7 --> 8 
8 --> 9 
9 --> 10 
10 --> 11 
11 --> 12 
12 --> 13 
13 --> 14 
14 --> 15 
15 --> 16 
16 --> 

* FSM state operations: 

State 1 <SV = 0> <Delay = 0.00>
ST_1 : Operation 17 [1/1] (0.00ns)   --->   "%E_bar = alloca [1500 x float], align 4" [../../nnet_utils/nnet_jedi.h:335->../jedi.cpp:109]   --->   Operation 17 'alloca' 'E_bar' <Predicate = true> <Delay = 0.00>
ST_1 : Operation 18 [1/1] (0.00ns)   --->   "%B_top = alloca [357600 x float], align 4" [../../nnet_utils/nnet_jedi.h:262->../jedi.cpp:72]   --->   Operation 18 'alloca' 'B_top' <Predicate = true> <Delay = 0.00>
ST_1 : Operation 19 [1/1] (0.00ns)   --->   "%B_bot = alloca [357600 x float], align 4" [../../nnet_utils/nnet_jedi.h:263->../jedi.cpp:72]   --->   Operation 19 'alloca' 'B_bot' <Predicate = true> <Delay = 0.00>
ST_1 : Operation 20 [1/1] (0.00ns)   --->   "%B = alloca [715200 x float], align 4" [../jedi.cpp:71]   --->   Operation 20 'alloca' 'B' <Predicate = true> <Delay = 0.00>
ST_1 : Operation 21 [1/1] (0.00ns)   --->   "%E = alloca [223500 x float], align 4" [../jedi.cpp:89]   --->   Operation 21 'alloca' 'E' <Predicate = true> <Delay = 0.00>
ST_1 : Operation 22 [1/1] (0.00ns)   --->   "%C = alloca [3900 x float], align 4" [../jedi.cpp:108]   --->   Operation 22 'alloca' 'C' <Predicate = true> <Delay = 0.00>
ST_1 : Operation 23 [1/1] (0.00ns)   --->   "%O = alloca [1500 x float], align 4" [../jedi.cpp:120]   --->   Operation 23 'alloca' 'O' <Predicate = true> <Delay = 0.00>
ST_1 : Operation 24 [2/2] (0.00ns)   --->   "call fastcc void @"jedi_multiply<float, float, mult_1_struct>"([22500 x float]* %I, [3352500 x float]* %Rr, [357600 x float]* %B_top) nounwind" [../../nnet_utils/nnet_jedi.h:265->../jedi.cpp:72]   --->   Operation 24 'call' <Predicate = true> <Delay = 0.00> <CoreType = "Generic">   --->   Core 0 '' <Latency = 0> <II = 1> <Delay = 1.00> <Generic> <Opcode : >

State 2 <SV = 1> <Delay = 0.00>
ST_2 : Operation 25 [1/2] (0.00ns)   --->   "call fastcc void @"jedi_multiply<float, float, mult_1_struct>"([22500 x float]* %I, [3352500 x float]* %Rr, [357600 x float]* %B_top) nounwind" [../../nnet_utils/nnet_jedi.h:265->../jedi.cpp:72]   --->   Operation 25 'call' <Predicate = true> <Delay = 0.00> <CoreType = "Generic">   --->   Core 0 '' <Latency = 0> <II = 1> <Delay = 1.00> <Generic> <Opcode : >

State 3 <SV = 2> <Delay = 0.00>
ST_3 : Operation 26 [2/2] (0.00ns)   --->   "call fastcc void @"jedi_multiply<float, float, mult_2_struct>"([22500 x float]* %I, [3352500 x float]* %Rs, [357600 x float]* %B_bot) nounwind" [../../nnet_utils/nnet_jedi.h:266->../jedi.cpp:72]   --->   Operation 26 'call' <Predicate = true> <Delay = 0.00> <CoreType = "Generic">   --->   Core 0 '' <Latency = 0> <II = 1> <Delay = 1.00> <Generic> <Opcode : >

State 4 <SV = 3> <Delay = 0.00>
ST_4 : Operation 27 [1/2] (0.00ns)   --->   "call fastcc void @"jedi_multiply<float, float, mult_2_struct>"([22500 x float]* %I, [3352500 x float]* %Rs, [357600 x float]* %B_bot) nounwind" [../../nnet_utils/nnet_jedi.h:266->../jedi.cpp:72]   --->   Operation 27 'call' <Predicate = true> <Delay = 0.00> <CoreType = "Generic">   --->   Core 0 '' <Latency = 0> <II = 1> <Delay = 1.00> <Generic> <Opcode : >

State 5 <SV = 4> <Delay = 0.00>
ST_5 : Operation 28 [2/2] (0.00ns)   --->   "call fastcc void @"jedi_concat<float, float, concat_1_struct>"([357600 x float]* %B_top, [357600 x float]* %B_bot, [715200 x float]* %B) nounwind" [../../nnet_utils/nnet_jedi.h:267->../jedi.cpp:72]   --->   Operation 28 'call' <Predicate = true> <Delay = 0.00> <CoreType = "Generic">   --->   Core 0 '' <Latency = 0> <II = 1> <Delay = 1.00> <Generic> <Opcode : >

State 6 <SV = 5> <Delay = 0.00>
ST_6 : Operation 29 [1/2] (0.00ns)   --->   "call fastcc void @"jedi_concat<float, float, concat_1_struct>"([357600 x float]* %B_top, [357600 x float]* %B_bot, [715200 x float]* %B) nounwind" [../../nnet_utils/nnet_jedi.h:267->../jedi.cpp:72]   --->   Operation 29 'call' <Predicate = true> <Delay = 0.00> <CoreType = "Generic">   --->   Core 0 '' <Latency = 0> <II = 1> <Delay = 1.00> <Generic> <Opcode : >

State 7 <SV = 6> <Delay = 0.00>
ST_7 : Operation 30 [2/2] (0.00ns)   --->   "call fastcc void @"jedi_dnn1<float, float, dense1_config>"([715200 x float]* %B, [223500 x float]* %E) nounwind" [../jedi.cpp:90]   --->   Operation 30 'call' <Predicate = true> <Delay = 0.00> <CoreType = "Generic">   --->   Core 0 '' <Latency = 0> <II = 1> <Delay = 1.00> <Generic> <Opcode : >

State 8 <SV = 7> <Delay = 0.00>
ST_8 : Operation 31 [1/2] (0.00ns)   --->   "call fastcc void @"jedi_dnn1<float, float, dense1_config>"([715200 x float]* %B, [223500 x float]* %E) nounwind" [../jedi.cpp:90]   --->   Operation 31 'call' <Predicate = true> <Delay = 0.00> <CoreType = "Generic">   --->   Core 0 '' <Latency = 0> <II = 1> <Delay = 1.00> <Generic> <Opcode : >

State 9 <SV = 8> <Delay = 0.00>
ST_9 : Operation 32 [2/2] (0.00ns)   --->   "call fastcc void @"jedi_multiply<float, float, mult_3_struct>"([223500 x float]* %E, [3352500 x float]* %Rr_T, [1500 x float]* %E_bar) nounwind" [../../nnet_utils/nnet_jedi.h:338->../jedi.cpp:109]   --->   Operation 32 'call' <Predicate = true> <Delay = 0.00> <CoreType = "Generic">   --->   Core 0 '' <Latency = 0> <II = 1> <Delay = 1.00> <Generic> <Opcode : >

State 10 <SV = 9> <Delay = 0.00>
ST_10 : Operation 33 [1/2] (0.00ns)   --->   "call fastcc void @"jedi_multiply<float, float, mult_3_struct>"([223500 x float]* %E, [3352500 x float]* %Rr_T, [1500 x float]* %E_bar) nounwind" [../../nnet_utils/nnet_jedi.h:338->../jedi.cpp:109]   --->   Operation 33 'call' <Predicate = true> <Delay = 0.00> <CoreType = "Generic">   --->   Core 0 '' <Latency = 0> <II = 1> <Delay = 1.00> <Generic> <Opcode : >

State 11 <SV = 10> <Delay = 0.00>
ST_11 : Operation 34 [2/2] (0.00ns)   --->   "call fastcc void @"jedi_concat<float, float, concat_2_struct>"([22500 x float]* %I, [1500 x float]* %E_bar, [3900 x float]* %C) nounwind" [../../nnet_utils/nnet_jedi.h:341->../jedi.cpp:109]   --->   Operation 34 'call' <Predicate = true> <Delay = 0.00> <CoreType = "Generic">   --->   Core 0 '' <Latency = 0> <II = 1> <Delay = 1.00> <Generic> <Opcode : >

State 12 <SV = 11> <Delay = 0.00>
ST_12 : Operation 35 [1/2] (0.00ns)   --->   "call fastcc void @"jedi_concat<float, float, concat_2_struct>"([22500 x float]* %I, [1500 x float]* %E_bar, [3900 x float]* %C) nounwind" [../../nnet_utils/nnet_jedi.h:341->../jedi.cpp:109]   --->   Operation 35 'call' <Predicate = true> <Delay = 0.00> <CoreType = "Generic">   --->   Core 0 '' <Latency = 0> <II = 1> <Delay = 1.00> <Generic> <Opcode : >

State 13 <SV = 12> <Delay = 0.00>
ST_13 : Operation 36 [2/2] (0.00ns)   --->   "call fastcc void @"jedi_dnn2<float, float, dense2_config>"([3900 x float]* %C, [1500 x float]* %O) nounwind" [../jedi.cpp:121]   --->   Operation 36 'call' <Predicate = true> <Delay = 0.00> <CoreType = "Generic">   --->   Core 0 '' <Latency = 0> <II = 1> <Delay = 1.00> <Generic> <Opcode : >

State 14 <SV = 13> <Delay = 0.00>
ST_14 : Operation 37 [1/2] (0.00ns)   --->   "call fastcc void @"jedi_dnn2<float, float, dense2_config>"([3900 x float]* %C, [1500 x float]* %O) nounwind" [../jedi.cpp:121]   --->   Operation 37 'call' <Predicate = true> <Delay = 0.00> <CoreType = "Generic">   --->   Core 0 '' <Latency = 0> <II = 1> <Delay = 1.00> <Generic> <Opcode : >

State 15 <SV = 14> <Delay = 0.00>
ST_15 : Operation 38 [2/2] (0.00ns)   --->   "call fastcc void @"jedi_dnn3<float, float, dense3_config>"([1500 x float]* %O, [5 x float]* %result) nounwind" [../jedi.cpp:132]   --->   Operation 38 'call' <Predicate = true> <Delay = 0.00> <CoreType = "Generic">   --->   Core 0 '' <Latency = 0> <II = 1> <Delay = 1.00> <Generic> <Opcode : >

State 16 <SV = 15> <Delay = 0.00>
ST_16 : Operation 39 [1/1] (0.00ns)   --->   "call void (...)* @_ssdm_op_SpecBitsMap([22500 x float]* %I) nounwind, !map !129"   --->   Operation 39 'specbitsmap' <Predicate = true> <Delay = 0.00>
ST_16 : Operation 40 [1/1] (0.00ns)   --->   "call void (...)* @_ssdm_op_SpecBitsMap([3352500 x float]* %Rr) nounwind, !map !135"   --->   Operation 40 'specbitsmap' <Predicate = true> <Delay = 0.00>
ST_16 : Operation 41 [1/1] (0.00ns)   --->   "call void (...)* @_ssdm_op_SpecBitsMap([3352500 x float]* %Rr_T) nounwind, !map !141"   --->   Operation 41 'specbitsmap' <Predicate = true> <Delay = 0.00>
ST_16 : Operation 42 [1/1] (0.00ns)   --->   "call void (...)* @_ssdm_op_SpecBitsMap([3352500 x float]* %Rs) nounwind, !map !146"   --->   Operation 42 'specbitsmap' <Predicate = true> <Delay = 0.00>
ST_16 : Operation 43 [1/1] (0.00ns)   --->   "call void (...)* @_ssdm_op_SpecBitsMap([5 x float]* %result) nounwind, !map !150"   --->   Operation 43 'specbitsmap' <Predicate = true> <Delay = 0.00>
ST_16 : Operation 44 [1/1] (0.00ns)   --->   "call void (...)* @_ssdm_op_SpecTopModule([5 x i8]* @jedi_str) nounwind"   --->   Operation 44 'spectopmodule' <Predicate = true> <Delay = 0.00>
ST_16 : Operation 45 [1/2] (0.00ns)   --->   "call fastcc void @"jedi_dnn3<float, float, dense3_config>"([1500 x float]* %O, [5 x float]* %result) nounwind" [../jedi.cpp:132]   --->   Operation 45 'call' <Predicate = true> <Delay = 0.00> <CoreType = "Generic">   --->   Core 0 '' <Latency = 0> <II = 1> <Delay = 1.00> <Generic> <Opcode : >
ST_16 : Operation 46 [1/1] (0.00ns)   --->   "ret void" [../jedi.cpp:147]   --->   Operation 46 'ret' <Predicate = true> <Delay = 0.00>


============================================================
+ Verbose Summary: Timing violations
============================================================
Target clock period: 5ns, clock uncertainty: 0.625ns.

 <State 1>: 0ns
The critical path consists of the following:

 <State 2>: 0ns
The critical path consists of the following:

 <State 3>: 0ns
The critical path consists of the following:

 <State 4>: 0ns
The critical path consists of the following:

 <State 5>: 0ns
The critical path consists of the following:

 <State 6>: 0ns
The critical path consists of the following:

 <State 7>: 0ns
The critical path consists of the following:

 <State 8>: 0ns
The critical path consists of the following:

 <State 9>: 0ns
The critical path consists of the following:

 <State 10>: 0ns
The critical path consists of the following:

 <State 11>: 0ns
The critical path consists of the following:

 <State 12>: 0ns
The critical path consists of the following:

 <State 13>: 0ns
The critical path consists of the following:

 <State 14>: 0ns
The critical path consists of the following:

 <State 15>: 0ns
The critical path consists of the following:

 <State 16>: 0ns
The critical path consists of the following:


============================================================
+ Verbose Summary: Binding
============================================================
N/A
* FSMD analyzer results:
  - Output states:
 - Input state : 
  - Chain level:
	State 1
	State 2
	State 3
	State 4
	State 5
	State 6
	State 7
	State 8
	State 9
	State 10
	State 11
	State 12
	State 13
	State 14
	State 15
	State 16


============================================================
+ Verbose Summary: Datapath Resource usage 
============================================================
N/A
