

================================================================
== Vivado HLS Report for 'dense_latency_0_0_0_0_0_0_0_0_0_0_0_0_0_0_0_0_0_1'
================================================================
* Date:           Fri Jun 18 14:14:36 2021

* Version:        2019.2 (Build 2704478 on Wed Nov 06 22:10:23 MST 2019)
* Project:        myproject_prj
* Solution:       solution1
* Product family: virtexuplus
* Target device:  xcu250-figd2104-2L-e


================================================================
== Performance Estimates
================================================================
+ Timing: 
    * Summary: 
    +--------+---------+----------+------------+
    |  Clock |  Target | Estimated| Uncertainty|
    +--------+---------+----------+------------+
    |ap_clk  | 5.00 ns | 2.548 ns |   0.62 ns  |
    +--------+---------+----------+------------+

+ Latency: 
    * Summary: 
    +---------+---------+----------+----------+-----+-----+----------+
    |  Latency (cycles) |  Latency (absolute) |  Interval | Pipeline |
    |   min   |   max   |    min   |    max   | min | max |   Type   |
    +---------+---------+----------+----------+-----+-----+----------+
    |        0|        0|   0 ns   |   0 ns   |    1|    1| function |
    +---------+---------+----------+----------+-----+-----+----------+

    + Detail: 
        * Instance: 
        N/A

        * Loop: 
        N/A



================================================================
== Utilization Estimates
================================================================
* Summary: 
+---------------------+---------+-------+---------+---------+------+
|         Name        | BRAM_18K| DSP48E|    FF   |   LUT   | URAM |
+---------------------+---------+-------+---------+---------+------+
|DSP                  |        -|      -|        -|        -|     -|
|Expression           |        -|     14|        0|      383|     -|
|FIFO                 |        -|      -|        -|        -|     -|
|Instance             |        -|      -|        -|        -|     -|
|Memory               |        -|      -|        -|        -|     -|
|Multiplexer          |        -|      -|        -|        -|     -|
|Register             |        -|      -|        -|        -|     -|
+---------------------+---------+-------+---------+---------+------+
|Total                |        0|     14|        0|      383|     0|
+---------------------+---------+-------+---------+---------+------+
|Available SLR        |     1344|   3072|   864000|   432000|   320|
+---------------------+---------+-------+---------+---------+------+
|Utilization SLR (%)  |        0|   ~0  |        0|    ~0   |     0|
+---------------------+---------+-------+---------+---------+------+
|Available            |     5376|  12288|  3456000|  1728000|  1280|
+---------------------+---------+-------+---------+---------+------+
|Utilization (%)      |        0|   ~0  |        0|    ~0   |     0|
+---------------------+---------+-------+---------+---------+------+

+ Detail: 
    * Instance: 
    N/A

    * DSP48E: 
    N/A

    * Memory: 
    N/A

    * FIFO: 
    N/A

    * Expression: 
    +--------------------------+----------+-------+---+----+------------+------------+
    |       Variable Name      | Operation| DSP48E| FF| LUT| Bitwidth P0| Bitwidth P1|
    +--------------------------+----------+-------+---+----+------------+------------+
    |mul_ln1118_151_fu_122_p2  |     *    |      1|  0|   5|          16|           8|
    |mul_ln1118_152_fu_124_p2  |     *    |      1|  0|   5|          16|          10|
    |mul_ln1118_153_fu_128_p2  |     *    |      1|  0|   5|          16|          10|
    |mul_ln1118_154_fu_121_p2  |     *    |      1|  0|   5|          16|          11|
    |mul_ln1118_155_fu_125_p2  |     *    |      1|  0|   5|          16|           8|
    |mul_ln1118_156_fu_134_p2  |     *    |      1|  0|   5|          16|           9|
    |mul_ln1118_157_fu_135_p2  |     *    |      1|  0|   5|          16|           9|
    |mul_ln1118_158_fu_127_p2  |     *    |      1|  0|   5|          16|           9|
    |mul_ln1118_159_fu_132_p2  |     *    |      1|  0|   5|          16|          10|
    |mul_ln1118_160_fu_120_p2  |     *    |      1|  0|   5|          16|          11|
    |mul_ln1118_161_fu_131_p2  |     *    |      1|  0|   5|          16|           8|
    |mul_ln1118_162_fu_126_p2  |     *    |      1|  0|   5|          16|           9|
    |mul_ln1118_163_fu_123_p2  |     *    |      1|  0|   5|          16|          10|
    |mul_ln1118_fu_130_p2      |     *    |      1|  0|   5|          16|           8|
    |acc_10_V_fu_1443_p2       |     +    |      0|  0|  16|          16|           6|
    |acc_11_V_fu_1449_p2       |     +    |      0|  0|  16|          16|           5|
    |acc_12_V_fu_1455_p2       |     +    |      0|  0|  16|          16|           8|
    |acc_13_V_fu_1461_p2       |     +    |      0|  0|  16|          16|          11|
    |acc_14_V_fu_1467_p2       |     +    |      0|  0|  16|          16|          10|
    |acc_15_V_fu_1473_p2       |     +    |      0|  0|  16|          16|           9|
    |acc_1_V_fu_1389_p2        |     +    |      0|  0|  16|          16|          11|
    |acc_2_V_fu_1395_p2        |     +    |      0|  0|  16|          16|          10|
    |acc_3_V_fu_1401_p2        |     +    |      0|  0|  16|          16|          10|
    |acc_4_V_fu_1407_p2        |     +    |      0|  0|  16|          16|          10|
    |acc_5_V_fu_1413_p2        |     +    |      0|  0|  16|          16|           8|
    |acc_6_V_fu_1419_p2        |     +    |      0|  0|  16|          16|          10|
    |acc_7_V_fu_1425_p2        |     +    |      0|  0|  16|          16|           8|
    |acc_8_V_fu_1431_p2        |     +    |      0|  0|  16|          16|           5|
    |acc_9_V_fu_1437_p2        |     +    |      0|  0|  16|          16|           6|
    |add_ln703_fu_1379_p2      |     +    |      0|  0|  14|          14|          10|
    |sub_ln1118_17_fu_1169_p2  |     -    |      0|  0|  23|          23|          23|
    |sub_ln1118_18_fu_1279_p2  |     -    |      0|  0|  18|          26|          26|
    |sub_ln1118_fu_1273_p2     |     -    |      0|  0|  18|           1|          26|
    +--------------------------+----------+-------+---+----+------------+------------+
    |Total                     |          |     14|  0| 383|         528|         342|
    +--------------------------+----------+-------+---+----+------------+------------+

    * Multiplexer: 
    N/A

    * Register: 
    N/A



================================================================
== Interface
================================================================
* Summary: 
+---------------+-----+-----+------------+---------------------------------------------------+--------------+
|   RTL Ports   | Dir | Bits|  Protocol  |                   Source Object                   |    C Type    |
+---------------+-----+-----+------------+---------------------------------------------------+--------------+
|ap_ready       | out |    1| ap_ctrl_hs | dense_latency.0.0.0.0.0.0.0.0.0.0.0.0.0.0.0.0.0.1 | return value |
|ap_return_0    | out |   16| ap_ctrl_hs | dense_latency.0.0.0.0.0.0.0.0.0.0.0.0.0.0.0.0.0.1 | return value |
|ap_return_1    | out |   16| ap_ctrl_hs | dense_latency.0.0.0.0.0.0.0.0.0.0.0.0.0.0.0.0.0.1 | return value |
|ap_return_2    | out |   16| ap_ctrl_hs | dense_latency.0.0.0.0.0.0.0.0.0.0.0.0.0.0.0.0.0.1 | return value |
|ap_return_3    | out |   16| ap_ctrl_hs | dense_latency.0.0.0.0.0.0.0.0.0.0.0.0.0.0.0.0.0.1 | return value |
|ap_return_4    | out |   16| ap_ctrl_hs | dense_latency.0.0.0.0.0.0.0.0.0.0.0.0.0.0.0.0.0.1 | return value |
|ap_return_5    | out |   16| ap_ctrl_hs | dense_latency.0.0.0.0.0.0.0.0.0.0.0.0.0.0.0.0.0.1 | return value |
|ap_return_6    | out |   16| ap_ctrl_hs | dense_latency.0.0.0.0.0.0.0.0.0.0.0.0.0.0.0.0.0.1 | return value |
|ap_return_7    | out |   16| ap_ctrl_hs | dense_latency.0.0.0.0.0.0.0.0.0.0.0.0.0.0.0.0.0.1 | return value |
|ap_return_8    | out |   16| ap_ctrl_hs | dense_latency.0.0.0.0.0.0.0.0.0.0.0.0.0.0.0.0.0.1 | return value |
|ap_return_9    | out |   16| ap_ctrl_hs | dense_latency.0.0.0.0.0.0.0.0.0.0.0.0.0.0.0.0.0.1 | return value |
|ap_return_10   | out |   16| ap_ctrl_hs | dense_latency.0.0.0.0.0.0.0.0.0.0.0.0.0.0.0.0.0.1 | return value |
|ap_return_11   | out |   16| ap_ctrl_hs | dense_latency.0.0.0.0.0.0.0.0.0.0.0.0.0.0.0.0.0.1 | return value |
|ap_return_12   | out |   16| ap_ctrl_hs | dense_latency.0.0.0.0.0.0.0.0.0.0.0.0.0.0.0.0.0.1 | return value |
|ap_return_13   | out |   16| ap_ctrl_hs | dense_latency.0.0.0.0.0.0.0.0.0.0.0.0.0.0.0.0.0.1 | return value |
|ap_return_14   | out |   16| ap_ctrl_hs | dense_latency.0.0.0.0.0.0.0.0.0.0.0.0.0.0.0.0.0.1 | return value |
|ap_return_15   | out |   16| ap_ctrl_hs | dense_latency.0.0.0.0.0.0.0.0.0.0.0.0.0.0.0.0.0.1 | return value |
|data_0_V_read  |  in |   16|   ap_none  |                   data_0_V_read                   |    scalar    |
+---------------+-----+-----+------------+---------------------------------------------------+--------------+

