

================================================================
== Vivado HLS Report for 'jedi_multiply_float_float_mult_2_struct_s'
================================================================
* Date:           Sun Jul 18 14:03:16 2021

* Version:        2019.2 (Build 2704478 on Wed Nov 06 22:10:23 MST 2019)
* Project:        myproject_prj
* Solution:       solution1
* Product family: virtexuplus
* Target device:  xcu250-figd2104-2L-e


================================================================
== Performance Estimates
================================================================
+ Timing: 
    * Summary: 
    +--------+---------+----------+------------+
    |  Clock |  Target | Estimated| Uncertainty|
    +--------+---------+----------+------------+
    |ap_clk  | 5.00 ns | 4.084 ns |   0.62 ns  |
    +--------+---------+----------+------------+

+ Latency: 
    * Summary: 
    +---------+---------+-----------+-----------+---------+---------+---------+
    |  Latency (cycles) |   Latency (absolute)  |      Interval     | Pipeline|
    |   min   |   max   |    min    |    max    |   min   |   max   |   Type  |
    +---------+---------+-----------+-----------+---------+---------+---------+
    |  3786273|  3786273| 18.931 ms | 18.931 ms |  3786273|  3786273|   none  |
    +---------+---------+-----------+-----------+---------+---------+---------+

    + Detail: 
        * Instance: 
        N/A

        * Loop: 
        +-------------------+---------+---------+----------+-----------+-----------+------+----------+
        |                   |  Latency (cycles) | Iteration|  Initiation Interval  | Trip |          |
        |     Loop Name     |   min   |   max   |  Latency |  achieved |   target  | Count| Pipelined|
        +-------------------+---------+---------+----------+-----------+-----------+------+----------+
        |- Product1         |  3786272|  3786272|    236642|          -|          -|    16|    no    |
        | + Product1.1      |   236640|   236640|       272|          -|          -|   870|    no    |
        |  ++ Product1.1.1  |      270|      270|         9|          -|          -|    30|    no    |
        +-------------------+---------+---------+----------+-----------+-----------+------+----------+



================================================================
== Utilization Estimates
================================================================
* Summary: 
+---------------------+---------+-------+---------+---------+------+
|         Name        | BRAM_18K| DSP48E|    FF   |   LUT   | URAM |
+---------------------+---------+-------+---------+---------+------+
|DSP                  |        -|      -|        -|        -|     -|
|Expression           |        -|      -|        0|      137|     -|
|FIFO                 |        -|      -|        -|        -|     -|
|Instance             |        -|      5|      359|      302|     -|
|Memory               |        -|      -|        -|        -|     -|
|Multiplexer          |        -|      -|        -|      110|     -|
|Register             |        -|      -|      272|        -|     -|
+---------------------+---------+-------+---------+---------+------+
|Total                |        0|      5|      631|      549|     0|
+---------------------+---------+-------+---------+---------+------+
|Available SLR        |     1344|   3072|   864000|   432000|   320|
+---------------------+---------+-------+---------+---------+------+
|Utilization SLR (%)  |        0|   ~0  |    ~0   |    ~0   |     0|
+---------------------+---------+-------+---------+---------+------+
|Available            |     5376|  12288|  3456000|  1728000|  1280|
+---------------------+---------+-------+---------+---------+------+
|Utilization (%)      |        0|   ~0  |    ~0   |    ~0   |     0|
+---------------------+---------+-------+---------+---------+------+

+ Detail: 
    * Instance: 
    +----------------------------------------+-------------------------------------+---------+-------+-----+-----+-----+
    |                Instance                |                Module               | BRAM_18K| DSP48E|  FF | LUT | URAM|
    +----------------------------------------+-------------------------------------+---------+-------+-----+-----+-----+
    |jedi_fadd_32ns_32ns_32_4_full_dsp_1_U8  |jedi_fadd_32ns_32ns_32_4_full_dsp_1  |        0|      2|  231|  225|    0|
    |jedi_fmul_32ns_32ns_32_3_max_dsp_1_U9   |jedi_fmul_32ns_32ns_32_3_max_dsp_1   |        0|      3|  128|   77|    0|
    +----------------------------------------+-------------------------------------+---------+-------+-----+-----+-----+
    |Total                                   |                                     |        0|      5|  359|  302|    0|
    +----------------------------------------+-------------------------------------+---------+-------+-----+-----+-----+

    * DSP48E: 
    N/A

    * Memory: 
    N/A

    * FIFO: 
    N/A

    * Expression: 
    +----------------------+----------+-------+---+----+------------+------------+
    |     Variable Name    | Operation| DSP48E| FF| LUT| Bitwidth P0| Bitwidth P1|
    +----------------------+----------+-------+---+----+------------+------------+
    |add_ln50_fu_170_p2    |     +    |      0|  0|  14|          14|          10|
    |add_ln57_fu_238_p2    |     +    |      0|  0|  14|          14|          14|
    |add_ln61_1_fu_281_p2  |     +    |      0|  0|  15|          15|          15|
    |add_ln61_2_fu_275_p2  |     +    |      0|  0|  15|          15|          10|
    |add_ln61_fu_265_p2    |     +    |      0|  0|  11|          11|          11|
    |i_fu_182_p2           |     +    |      0|  0|   6|           5|           1|
    |j_fu_224_p2           |     +    |      0|  0|  10|          10|           1|
    |k_fu_255_p2           |     +    |      0|  0|   6|           5|           1|
    |sub_ln61_fu_212_p2    |     -    |      0|  0|  11|          11|          11|
    |icmp_ln50_fu_176_p2   |   icmp   |      0|  0|  11|           5|           6|
    |icmp_ln56_fu_218_p2   |   icmp   |      0|  0|  13|          10|           9|
    |icmp_ln59_fu_249_p2   |   icmp   |      0|  0|  11|           5|           3|
    +----------------------+----------+-------+---+----+------------+------------+
    |Total                 |          |      0|  0| 137|         120|          92|
    +----------------------+----------+-------+---+----+------------+------------+

    * Multiplexer: 
    +--------------------+----+-----------+-----+-----------+
    |        Name        | LUT| Input Size| Bits| Total Bits|
    +--------------------+----+-----------+-----+-----------+
    |ap_NS_fsm           |  56|         13|    1|         13|
    |i_0_reg_92          |   9|          2|    5|         10|
    |j_0_reg_115         |   9|          2|   10|         20|
    |k_0_reg_139         |   9|          2|    5|         10|
    |phi_mul2_reg_103    |   9|          2|   14|         28|
    |phi_mul_reg_150     |   9|          2|   15|         30|
    |storemerge_reg_126  |   9|          2|   32|         64|
    +--------------------+----+-----------+-----+-----------+
    |Total               | 110|         25|   82|        175|
    +--------------------+----+-----------+-----+-----------+

    * Register: 
    +--------------------+----+----+-----+-----------+
    |        Name        | FF | LUT| Bits| Const Bits|
    +--------------------+----+----+-----+-----------+
    |add_ln50_reg_291    |  14|   0|   14|          0|
    |add_ln61_2_reg_340  |  15|   0|   15|          0|
    |ap_CS_fsm           |  12|   0|   12|          0|
    |data1_load_reg_350  |  32|   0|   32|          0|
    |data2_load_reg_355  |  32|   0|   32|          0|
    |i_0_reg_92          |   5|   0|    5|          0|
    |i_reg_299           |   5|   0|    5|          0|
    |j_0_reg_115         |  10|   0|   10|          0|
    |j_reg_312           |  10|   0|   10|          0|
    |k_0_reg_139         |   5|   0|    5|          0|
    |k_reg_330           |   5|   0|    5|          0|
    |phi_mul2_reg_103    |  14|   0|   14|          0|
    |phi_mul_reg_150     |  15|   0|   15|          0|
    |res_addr_reg_322    |  14|   0|   14|          0|
    |storemerge_reg_126  |  32|   0|   32|          0|
    |sub_ln61_reg_304    |  10|   0|   11|          1|
    |tmp_reg_360         |  32|   0|   32|          0|
    |zext_ln57_reg_317   |  10|   0|   15|          5|
    +--------------------+----+----+-----+-----------+
    |Total               | 272|   0|  278|          6|
    +--------------------+----+----+-----+-----------+



================================================================
== Interface
================================================================
* Summary: 
+----------------+-----+-----+------------+--------------------------------------------+--------------+
|    RTL Ports   | Dir | Bits|  Protocol  |                Source Object               |    C Type    |
+----------------+-----+-----+------------+--------------------------------------------+--------------+
|ap_clk          |  in |    1| ap_ctrl_hs | jedi_multiply<float, float, mult_2_struct> | return value |
|ap_rst          |  in |    1| ap_ctrl_hs | jedi_multiply<float, float, mult_2_struct> | return value |
|ap_start        |  in |    1| ap_ctrl_hs | jedi_multiply<float, float, mult_2_struct> | return value |
|ap_done         | out |    1| ap_ctrl_hs | jedi_multiply<float, float, mult_2_struct> | return value |
|ap_idle         | out |    1| ap_ctrl_hs | jedi_multiply<float, float, mult_2_struct> | return value |
|ap_ready        | out |    1| ap_ctrl_hs | jedi_multiply<float, float, mult_2_struct> | return value |
|data1_address0  | out |   10|  ap_memory |                    data1                   |     array    |
|data1_ce0       | out |    1|  ap_memory |                    data1                   |     array    |
|data1_q0        |  in |   32|  ap_memory |                    data1                   |     array    |
|data2_address0  | out |   15|  ap_memory |                    data2                   |     array    |
|data2_ce0       | out |    1|  ap_memory |                    data2                   |     array    |
|data2_q0        |  in |   32|  ap_memory |                    data2                   |     array    |
|res_address0    | out |   14|  ap_memory |                     res                    |     array    |
|res_ce0         | out |    1|  ap_memory |                     res                    |     array    |
|res_we0         | out |    1|  ap_memory |                     res                    |     array    |
|res_d0          | out |   32|  ap_memory |                     res                    |     array    |
+----------------+-----+-----+------------+--------------------------------------------+--------------+

