

================================================================
== Vivado HLS Report for 'selu_float_float_selu1_config_struct_s'
================================================================
* Date:           Sun Jul 18 14:03:40 2021

* Version:        2019.2 (Build 2704478 on Wed Nov 06 22:10:23 MST 2019)
* Project:        myproject_prj
* Solution:       solution1
* Product family: virtexuplus
* Target device:  xcu250-figd2104-2L-e


================================================================
== Performance Estimates
================================================================
+ Timing: 
    * Summary: 
    +--------+---------+----------+------------+
    |  Clock |  Target | Estimated| Uncertainty|
    +--------+---------+----------+------------+
    |ap_clk  | 5.00 ns | 4.495 ns |   0.62 ns  |
    +--------+---------+----------+------------+

+ Latency: 
    * Summary: 
    +---------+---------+-----------+-----------+-----+-----+----------+
    |  Latency (cycles) |   Latency (absolute)  |  Interval | Pipeline |
    |   min   |   max   |    min    |    max    | min | max |   Type   |
    +---------+---------+-----------+-----------+-----+-----+----------+
    |       12|       12| 60.000 ns | 60.000 ns |    4|    4| function |
    +---------+---------+-----------+-----------+-----+-----+----------+

    + Detail: 
        * Instance: 
        +-----------------------------------+------------------------+---------+---------+----------+----------+-----+-----+----------+
        |                                   |                        |  Latency (cycles) |  Latency (absolute) |  Interval | Pipeline |
        |              Instance             |         Module         |   min   |   max   |    min   |    max   | min | max |   Type   |
        +-----------------------------------+------------------------+---------+---------+----------+----------+-----+-----+----------+
        |grp_p_hls_fptosi_float_i32_fu_360  |p_hls_fptosi_float_i32  |        0|        0|   0 ns   |   0 ns   |    1|    1| function |
        |grp_p_hls_fptosi_float_i32_fu_365  |p_hls_fptosi_float_i32  |        0|        0|   0 ns   |   0 ns   |    1|    1| function |
        +-----------------------------------+------------------------+---------+---------+----------+----------+-----+-----+----------+

        * Loop: 
        N/A



================================================================
== Utilization Estimates
================================================================
* Summary: 
+---------------------+---------+-------+---------+---------+------+
|         Name        | BRAM_18K| DSP48E|    FF   |   LUT   | URAM |
+---------------------+---------+-------+---------+---------+------+
|DSP                  |        -|      -|        -|        -|     -|
|Expression           |        -|      -|        0|      404|     -|
|FIFO                 |        -|      -|        -|        -|     -|
|Instance             |        -|     12|      644|     1262|     -|
|Memory               |        2|      -|        0|        0|     -|
|Multiplexer          |        -|      -|        -|      529|     -|
|Register             |        0|      -|     1570|      192|     -|
+---------------------+---------+-------+---------+---------+------+
|Total                |        2|     12|     2214|     2387|     0|
+---------------------+---------+-------+---------+---------+------+
|Available SLR        |     1344|   3072|   864000|   432000|   320|
+---------------------+---------+-------+---------+---------+------+
|Utilization SLR (%)  |    ~0   |   ~0  |    ~0   |    ~0   |     0|
+---------------------+---------+-------+---------+---------+------+
|Available            |     5376|  12288|  3456000|  1728000|  1280|
+---------------------+---------+-------+---------+---------+------+
|Utilization (%)      |    ~0   |   ~0  |    ~0   |    ~0   |     0|
+---------------------+---------+-------+---------+---------+------+

+ Detail: 
    * Instance: 
    +-----------------------------------------+------------------------------------+---------+-------+-----+-----+-----+
    |                 Instance                |               Module               | BRAM_18K| DSP48E|  FF | LUT | URAM|
    +-----------------------------------------+------------------------------------+---------+-------+-----+-----+-----+
    |jedi_fcmp_32ns_32ns_1_2_1_U817           |jedi_fcmp_32ns_32ns_1_2_1           |        0|      0|   66|   46|    0|
    |jedi_fcmp_32ns_32ns_1_2_1_U818           |jedi_fcmp_32ns_32ns_1_2_1           |        0|      0|   66|   46|    0|
    |jedi_fmul_32ns_32ns_32_3_max_dsp_1_U813  |jedi_fmul_32ns_32ns_32_3_max_dsp_1  |        0|      3|  128|   77|    0|
    |jedi_fmul_32ns_32ns_32_3_max_dsp_1_U814  |jedi_fmul_32ns_32ns_32_3_max_dsp_1  |        0|      3|  128|   77|    0|
    |jedi_fmul_32ns_32ns_32_3_max_dsp_1_U815  |jedi_fmul_32ns_32ns_32_3_max_dsp_1  |        0|      3|  128|   77|    0|
    |jedi_fmul_32ns_32ns_32_3_max_dsp_1_U816  |jedi_fmul_32ns_32ns_32_3_max_dsp_1  |        0|      3|  128|   77|    0|
    |grp_p_hls_fptosi_float_i32_fu_360        |p_hls_fptosi_float_i32              |        0|      0|    0|  431|    0|
    |grp_p_hls_fptosi_float_i32_fu_365        |p_hls_fptosi_float_i32              |        0|      0|    0|  431|    0|
    +-----------------------------------------+------------------------------------+---------+-------+-----+-----+-----+
    |Total                                    |                                    |        0|     12|  644| 1262|    0|
    +-----------------------------------------+------------------------------------+---------+-------+-----+-----+-----+

    * DSP48E: 
    N/A

    * Memory: 
    +---------------+----------------------------------------------------+---------+---+----+-----+------+-----+------+-------------+
    |     Memory    |                       Module                       | BRAM_18K| FF| LUT| URAM| Words| Bits| Banks| W*Bits*Banks|
    +---------------+----------------------------------------------------+---------+---+----+-----+------+-----+------+-------------+
    |selu_table5_U  |selu_float_float_selu1_config_struct_s_selu_table5  |        2|  0|   0|    0|  1024|   32|     1|        32768|
    +---------------+----------------------------------------------------+---------+---+----+-----+------+-----+------+-------------+
    |Total          |                                                    |        2|  0|   0|    0|  1024|   32|     1|        32768|
    +---------------+----------------------------------------------------+---------+---+----+-----+------+-----+------+-------------+

    * FIFO: 
    N/A

    * Expression: 
    +---------------------------+----------+-------+---+----+------------+------------+
    |       Variable Name       | Operation| DSP48E| FF| LUT| Bitwidth P0| Bitwidth P1|
    +---------------------------+----------+-------+---+----+------------+------------+
    |and_ln776_1_fu_582_p2      |    and   |      0|  0|   2|           1|           1|
    |and_ln776_2_fu_623_p2      |    and   |      0|  0|   2|           1|           1|
    |and_ln776_3_fu_664_p2      |    and   |      0|  0|   2|           1|           1|
    |and_ln776_4_fu_705_p2      |    and   |      0|  0|   2|           1|           1|
    |and_ln776_5_fu_746_p2      |    and   |      0|  0|   2|           1|           1|
    |and_ln776_6_fu_787_p2      |    and   |      0|  0|   2|           1|           1|
    |and_ln776_7_fu_828_p2      |    and   |      0|  0|   2|           1|           1|
    |and_ln776_fu_541_p2        |    and   |      0|  0|   2|           1|           1|
    |ap_block_pp0_stage0_00001  |    and   |      0|  0|   2|           1|           1|
    |grp_fu_426_p2              |   icmp   |      0|  0|  20|          22|           1|
    |grp_fu_442_p2              |   icmp   |      0|  0|  20|          22|           1|
    |icmp_ln776_10_fu_728_p2    |   icmp   |      0|  0|  11|           8|           2|
    |icmp_ln776_11_fu_734_p2    |   icmp   |      0|  0|  20|          23|           1|
    |icmp_ln776_12_fu_769_p2    |   icmp   |      0|  0|  11|           8|           2|
    |icmp_ln776_13_fu_775_p2    |   icmp   |      0|  0|  20|          23|           1|
    |icmp_ln776_14_fu_810_p2    |   icmp   |      0|  0|  11|           8|           2|
    |icmp_ln776_15_fu_816_p2    |   icmp   |      0|  0|  20|          23|           1|
    |icmp_ln776_1_fu_529_p2     |   icmp   |      0|  0|  20|          23|           1|
    |icmp_ln776_2_fu_564_p2     |   icmp   |      0|  0|  11|           8|           2|
    |icmp_ln776_3_fu_570_p2     |   icmp   |      0|  0|  20|          23|           1|
    |icmp_ln776_4_fu_605_p2     |   icmp   |      0|  0|  11|           8|           2|
    |icmp_ln776_5_fu_611_p2     |   icmp   |      0|  0|  20|          23|           1|
    |icmp_ln776_6_fu_646_p2     |   icmp   |      0|  0|  11|           8|           2|
    |icmp_ln776_7_fu_652_p2     |   icmp   |      0|  0|  20|          23|           1|
    |icmp_ln776_8_fu_687_p2     |   icmp   |      0|  0|  11|           8|           2|
    |icmp_ln776_9_fu_693_p2     |   icmp   |      0|  0|  20|          23|           1|
    |icmp_ln776_fu_523_p2       |   icmp   |      0|  0|  11|           8|           2|
    |or_ln776_1_fu_576_p2       |    or    |      0|  0|   2|           1|           1|
    |or_ln776_2_fu_617_p2       |    or    |      0|  0|   2|           1|           1|
    |or_ln776_3_fu_658_p2       |    or    |      0|  0|   2|           1|           1|
    |or_ln776_4_fu_699_p2       |    or    |      0|  0|   2|           1|           1|
    |or_ln776_5_fu_740_p2       |    or    |      0|  0|   2|           1|           1|
    |or_ln776_6_fu_781_p2       |    or    |      0|  0|   2|           1|           1|
    |or_ln776_7_fu_822_p2       |    or    |      0|  0|   2|           1|           1|
    |or_ln776_fu_535_p2         |    or    |      0|  0|   2|           1|           1|
    |select_ln780_1_fu_850_p3   |  select  |      0|  0|  10|           1|           2|
    |select_ln780_2_fu_870_p3   |  select  |      0|  0|  10|           1|           2|
    |select_ln780_3_fu_882_p3   |  select  |      0|  0|  10|           1|           2|
    |select_ln780_4_fu_902_p3   |  select  |      0|  0|  10|           1|           2|
    |select_ln780_5_fu_914_p3   |  select  |      0|  0|  10|           1|           2|
    |select_ln780_6_fu_934_p3   |  select  |      0|  0|  10|           1|           2|
    |select_ln780_7_fu_946_p3   |  select  |      0|  0|  10|           1|           2|
    |select_ln780_fu_838_p3     |  select  |      0|  0|  10|           1|           2|
    |ap_enable_pp0              |    xor   |      0|  0|   2|           1|           2|
    +---------------------------+----------+-------+---+----+------------+------------+
    |Total                      |          |      0|  0| 404|         318|          61|
    +---------------------------+----------+-------+---+----+------------+------------+

    * Multiplexer: 
    +-------------------------------------+----+-----------+-----+-----------+
    |                 Name                | LUT| Input Size| Bits| Total Bits|
    +-------------------------------------+----+-----------+-----+-----------+
    |ap_NS_fsm                            |  27|          5|    1|          5|
    |ap_enable_reg_pp0_iter0              |   9|          2|    1|          2|
    |ap_enable_reg_pp0_iter3              |   9|          2|    1|          2|
    |grp_fu_370_p0                        |  27|          5|   32|        160|
    |grp_fu_370_p1                        |  21|          4|   32|        128|
    |grp_fu_376_p0                        |  27|          5|   32|        160|
    |grp_fu_376_p1                        |  21|          4|   32|        128|
    |grp_fu_384_p0                        |  27|          5|   32|        160|
    |grp_fu_384_p1                        |  21|          4|   32|        128|
    |grp_fu_390_p0                        |  27|          5|   32|        160|
    |grp_fu_390_p1                        |  21|          4|   32|        128|
    |grp_fu_398_p0                        |  27|          5|   32|        160|
    |grp_fu_404_p0                        |  27|          5|   32|        160|
    |grp_p_hls_fptosi_float_i32_fu_360_x  |  15|          3|   32|         96|
    |grp_p_hls_fptosi_float_i32_fu_365_x  |  15|          3|   32|         96|
    |res_address0                         |  44|          9|    3|         27|
    |res_address1                         |  44|          9|    3|         27|
    |res_d0                               |  33|          6|   32|        192|
    |res_d1                               |  33|          6|   32|        192|
    |selu_table5_address0                 |  27|          5|   10|         50|
    |selu_table5_address1                 |  27|          5|   10|         50|
    +-------------------------------------+----+-----------+-----+-----------+
    |Total                                | 529|        101|  477|       2211|
    +-------------------------------------+----+-----------+-----+-----------+

    * Register: 
    +------------------------------------+----+----+-----+-----------+
    |                Name                | FF | LUT| Bits| Const Bits|
    +------------------------------------+----+----+-----+-----------+
    |and_ln776_1_reg_994                 |   1|   0|    1|          0|
    |and_ln776_2_reg_1012                |   1|   0|    1|          0|
    |and_ln776_3_reg_1016                |   1|   0|    1|          0|
    |and_ln776_4_reg_1034                |   1|   0|    1|          0|
    |and_ln776_5_reg_1038                |   1|   0|    1|          0|
    |and_ln776_6_reg_1042                |   1|   0|    1|          0|
    |and_ln776_6_reg_1042_pp0_iter2_reg  |   1|   0|    1|          0|
    |and_ln776_7_reg_1046                |   1|   0|    1|          0|
    |and_ln776_7_reg_1046_pp0_iter2_reg  |   1|   0|    1|          0|
    |and_ln776_reg_990                   |   1|   0|    1|          0|
    |ap_CS_fsm                           |   4|   0|    4|          0|
    |ap_enable_reg_pp0_iter0_reg         |   1|   0|    1|          0|
    |ap_enable_reg_pp0_iter1             |   1|   0|    1|          0|
    |ap_enable_reg_pp0_iter2             |   1|   0|    1|          0|
    |ap_enable_reg_pp0_iter3             |   1|   0|    1|          0|
    |ap_port_reg_data_2_read             |  32|   0|   32|          0|
    |ap_port_reg_data_3_read             |  32|   0|   32|          0|
    |ap_port_reg_data_4_read             |  32|   0|   32|          0|
    |ap_port_reg_data_5_read             |  32|   0|   32|          0|
    |ap_port_reg_data_6_read             |  32|   0|   32|          0|
    |ap_port_reg_data_7_read             |  32|   0|   32|          0|
    |data_0_read_1_reg_969               |  32|   0|   32|          0|
    |data_1_read_1_reg_962               |  32|   0|   32|          0|
    |data_2_read_1_reg_983               |  32|   0|   32|          0|
    |data_3_read_1_reg_976               |  32|   0|   32|          0|
    |data_4_read_1_reg_1005              |  32|   0|   32|          0|
    |data_5_read_1_reg_998               |  32|   0|   32|          0|
    |data_6_read_1_reg_1027              |  32|   0|   32|          0|
    |data_7_read_1_reg_1020              |  32|   0|   32|          0|
    |reg_448                             |  32|   0|   32|          0|
    |reg_448_pp0_iter1_reg               |  32|   0|   32|          0|
    |reg_454                             |  32|   0|   32|          0|
    |reg_454_pp0_iter1_reg               |  32|   0|   32|          0|
    |reg_460                             |  32|   0|   32|          0|
    |reg_460_pp0_iter2_reg               |  32|   0|   32|          0|
    |reg_466                             |  32|   0|   32|          0|
    |reg_466_pp0_iter2_reg               |  32|   0|   32|          0|
    |reg_472                             |  32|   0|   32|          0|
    |reg_472_pp0_iter2_reg               |  32|   0|   32|          0|
    |reg_478                             |  32|   0|   32|          0|
    |reg_478_pp0_iter2_reg               |  32|   0|   32|          0|
    |reg_484                             |  32|   0|   32|          0|
    |reg_484_pp0_iter2_reg               |  32|   0|   32|          0|
    |reg_490                             |  32|   0|   32|          0|
    |reg_490_pp0_iter2_reg               |  32|   0|   32|          0|
    |reg_496                             |  32|   0|   32|          0|
    |reg_501                             |  32|   0|   32|          0|
    |select_ln780_1_reg_1065             |  10|   0|   10|          0|
    |select_ln780_2_reg_1080             |  10|   0|   10|          0|
    |select_ln780_3_reg_1085             |  10|   0|   10|          0|
    |select_ln780_4_reg_1100             |  10|   0|   10|          0|
    |select_ln780_5_reg_1105             |  10|   0|   10|          0|
    |select_ln780_6_reg_1120             |  10|   0|   10|          0|
    |select_ln780_7_reg_1125             |  10|   0|   10|          0|
    |select_ln780_reg_1060               |  10|   0|   10|          0|
    |tmp_2_1_reg_1055                    |  32|   0|   32|          0|
    |tmp_2_reg_1050                      |  32|   0|   32|          0|
    |and_ln776_1_reg_994                 |  64|  32|    1|          0|
    |and_ln776_2_reg_1012                |  64|  32|    1|          0|
    |and_ln776_3_reg_1016                |  64|  32|    1|          0|
    |and_ln776_4_reg_1034                |  64|  32|    1|          0|
    |and_ln776_5_reg_1038                |  64|  32|    1|          0|
    |and_ln776_reg_990                   |  64|  32|    1|          0|
    +------------------------------------+----+----+-----+-----------+
    |Total                               |1570| 192| 1192|          0|
    +------------------------------------+----+----+-----+-----------+



================================================================
== Interface
================================================================
* Summary: 
+--------------+-----+-----+------------+-----------------------------------------+--------------+
|   RTL Ports  | Dir | Bits|  Protocol  |              Source Object              |    C Type    |
+--------------+-----+-----+------------+-----------------------------------------+--------------+
|ap_clk        |  in |    1| ap_ctrl_hs | selu<float, float, selu1_config_struct> | return value |
|ap_rst        |  in |    1| ap_ctrl_hs | selu<float, float, selu1_config_struct> | return value |
|ap_start      |  in |    1| ap_ctrl_hs | selu<float, float, selu1_config_struct> | return value |
|ap_done       | out |    1| ap_ctrl_hs | selu<float, float, selu1_config_struct> | return value |
|ap_idle       | out |    1| ap_ctrl_hs | selu<float, float, selu1_config_struct> | return value |
|ap_ready      | out |    1| ap_ctrl_hs | selu<float, float, selu1_config_struct> | return value |
|data_0_read   |  in |   32|   ap_none  |               data_0_read               |    scalar    |
|data_1_read   |  in |   32|   ap_none  |               data_1_read               |    scalar    |
|data_2_read   |  in |   32|   ap_none  |               data_2_read               |    scalar    |
|data_3_read   |  in |   32|   ap_none  |               data_3_read               |    scalar    |
|data_4_read   |  in |   32|   ap_none  |               data_4_read               |    scalar    |
|data_5_read   |  in |   32|   ap_none  |               data_5_read               |    scalar    |
|data_6_read   |  in |   32|   ap_none  |               data_6_read               |    scalar    |
|data_7_read   |  in |   32|   ap_none  |               data_7_read               |    scalar    |
|res_address0  | out |    3|  ap_memory |                   res                   |     array    |
|res_ce0       | out |    1|  ap_memory |                   res                   |     array    |
|res_we0       | out |    1|  ap_memory |                   res                   |     array    |
|res_d0        | out |   32|  ap_memory |                   res                   |     array    |
|res_address1  | out |    3|  ap_memory |                   res                   |     array    |
|res_ce1       | out |    1|  ap_memory |                   res                   |     array    |
|res_we1       | out |    1|  ap_memory |                   res                   |     array    |
|res_d1        | out |   32|  ap_memory |                   res                   |     array    |
+--------------+-----+-----+------------+-----------------------------------------+--------------+

