

================================================================
== Vivado HLS Report for 'dense_latency_0_0_0_0_0_0'
================================================================
* Date:           Sun Jul 18 16:11:07 2021

* Version:        2019.2 (Build 2704478 on Wed Nov 06 22:10:23 MST 2019)
* Project:        myproject_prj
* Solution:       solution1
* Product family: virtexuplus
* Target device:  xcu250-figd2104-2L-e


================================================================
== Performance Estimates
================================================================
+ Timing: 
    * Summary: 
    +--------+---------+----------+------------+
    |  Clock |  Target | Estimated| Uncertainty|
    +--------+---------+----------+------------+
    |ap_clk  | 5.00 ns | 4.084 ns |   0.62 ns  |
    +--------+---------+----------+------------+

+ Latency: 
    * Summary: 
    +---------+---------+----------+----------+-----+-----+----------+
    |  Latency (cycles) |  Latency (absolute) |  Interval | Pipeline |
    |   min   |   max   |    min   |    max   | min | max |   Type   |
    +---------+---------+----------+----------+-----+-----+----------+
    |       62|       62| 0.310 us | 0.310 us |    1|    1| function |
    +---------+---------+----------+----------+-----+-----+----------+

    + Detail: 
        * Instance: 
        N/A

        * Loop: 
        N/A



================================================================
== Utilization Estimates
================================================================
* Summary: 
+---------------------+---------+-------+---------+---------+------+
|         Name        | BRAM_18K| DSP48E|    FF   |   LUT   | URAM |
+---------------------+---------+-------+---------+---------+------+
|DSP                  |        -|      -|        -|        -|     -|
|Expression           |        -|      -|        -|        -|     -|
|FIFO                 |        -|      -|        -|        -|     -|
|Instance             |        -|    375|    26925|    22650|     -|
|Memory               |        -|      -|        -|        -|     -|
|Multiplexer          |        -|      -|        -|        -|     -|
|Register             |        0|      -|     6464|      648|     -|
+---------------------+---------+-------+---------+---------+------+
|Total                |        0|    375|    33389|    23298|     0|
+---------------------+---------+-------+---------+---------+------+
|Available SLR        |     1344|   3072|   864000|   432000|   320|
+---------------------+---------+-------+---------+---------+------+
|Utilization SLR (%)  |        0|     12|        3|        5|     0|
+---------------------+---------+-------+---------+---------+------+
|Available            |     5376|  12288|  3456000|  1728000|  1280|
+---------------------+---------+-------+---------+---------+------+
|Utilization (%)      |        0|      3|    ~0   |        1|     0|
+---------------------+---------+-------+---------+---------+------+

+ Detail: 
    * Instance: 
    +-------------------------------------------+-------------------------------------+---------+-------+-----+-----+-----+
    |                  Instance                 |                Module               | BRAM_18K| DSP48E|  FF | LUT | URAM|
    +-------------------------------------------+-------------------------------------+---------+-------+-----+-----+-----+
    |jedi_fadd_32ns_32ns_32_4_full_dsp_1_U4399  |jedi_fadd_32ns_32ns_32_4_full_dsp_1  |        0|      2|  231|  225|    0|
    |jedi_fadd_32ns_32ns_32_4_full_dsp_1_U4400  |jedi_fadd_32ns_32ns_32_4_full_dsp_1  |        0|      2|  231|  225|    0|
    |jedi_fadd_32ns_32ns_32_4_full_dsp_1_U4401  |jedi_fadd_32ns_32ns_32_4_full_dsp_1  |        0|      2|  231|  225|    0|
    |jedi_fadd_32ns_32ns_32_4_full_dsp_1_U4402  |jedi_fadd_32ns_32ns_32_4_full_dsp_1  |        0|      2|  231|  225|    0|
    |jedi_fadd_32ns_32ns_32_4_full_dsp_1_U4403  |jedi_fadd_32ns_32ns_32_4_full_dsp_1  |        0|      2|  231|  225|    0|
    |jedi_fadd_32ns_32ns_32_4_full_dsp_1_U4404  |jedi_fadd_32ns_32ns_32_4_full_dsp_1  |        0|      2|  231|  225|    0|
    |jedi_fadd_32ns_32ns_32_4_full_dsp_1_U4405  |jedi_fadd_32ns_32ns_32_4_full_dsp_1  |        0|      2|  231|  225|    0|
    |jedi_fadd_32ns_32ns_32_4_full_dsp_1_U4406  |jedi_fadd_32ns_32ns_32_4_full_dsp_1  |        0|      2|  231|  225|    0|
    |jedi_fadd_32ns_32ns_32_4_full_dsp_1_U4407  |jedi_fadd_32ns_32ns_32_4_full_dsp_1  |        0|      2|  231|  225|    0|
    |jedi_fadd_32ns_32ns_32_4_full_dsp_1_U4408  |jedi_fadd_32ns_32ns_32_4_full_dsp_1  |        0|      2|  231|  225|    0|
    |jedi_fadd_32ns_32ns_32_4_full_dsp_1_U4409  |jedi_fadd_32ns_32ns_32_4_full_dsp_1  |        0|      2|  231|  225|    0|
    |jedi_fadd_32ns_32ns_32_4_full_dsp_1_U4410  |jedi_fadd_32ns_32ns_32_4_full_dsp_1  |        0|      2|  231|  225|    0|
    |jedi_fadd_32ns_32ns_32_4_full_dsp_1_U4411  |jedi_fadd_32ns_32ns_32_4_full_dsp_1  |        0|      2|  231|  225|    0|
    |jedi_fadd_32ns_32ns_32_4_full_dsp_1_U4412  |jedi_fadd_32ns_32ns_32_4_full_dsp_1  |        0|      2|  231|  225|    0|
    |jedi_fadd_32ns_32ns_32_4_full_dsp_1_U4413  |jedi_fadd_32ns_32ns_32_4_full_dsp_1  |        0|      2|  231|  225|    0|
    |jedi_fadd_32ns_32ns_32_4_full_dsp_1_U4414  |jedi_fadd_32ns_32ns_32_4_full_dsp_1  |        0|      2|  231|  225|    0|
    |jedi_fadd_32ns_32ns_32_4_full_dsp_1_U4415  |jedi_fadd_32ns_32ns_32_4_full_dsp_1  |        0|      2|  231|  225|    0|
    |jedi_fadd_32ns_32ns_32_4_full_dsp_1_U4416  |jedi_fadd_32ns_32ns_32_4_full_dsp_1  |        0|      2|  231|  225|    0|
    |jedi_fadd_32ns_32ns_32_4_full_dsp_1_U4417  |jedi_fadd_32ns_32ns_32_4_full_dsp_1  |        0|      2|  231|  225|    0|
    |jedi_fadd_32ns_32ns_32_4_full_dsp_1_U4418  |jedi_fadd_32ns_32ns_32_4_full_dsp_1  |        0|      2|  231|  225|    0|
    |jedi_fadd_32ns_32ns_32_4_full_dsp_1_U4419  |jedi_fadd_32ns_32ns_32_4_full_dsp_1  |        0|      2|  231|  225|    0|
    |jedi_fadd_32ns_32ns_32_4_full_dsp_1_U4420  |jedi_fadd_32ns_32ns_32_4_full_dsp_1  |        0|      2|  231|  225|    0|
    |jedi_fadd_32ns_32ns_32_4_full_dsp_1_U4421  |jedi_fadd_32ns_32ns_32_4_full_dsp_1  |        0|      2|  231|  225|    0|
    |jedi_fadd_32ns_32ns_32_4_full_dsp_1_U4422  |jedi_fadd_32ns_32ns_32_4_full_dsp_1  |        0|      2|  231|  225|    0|
    |jedi_fadd_32ns_32ns_32_4_full_dsp_1_U4423  |jedi_fadd_32ns_32ns_32_4_full_dsp_1  |        0|      2|  231|  225|    0|
    |jedi_fadd_32ns_32ns_32_4_full_dsp_1_U4424  |jedi_fadd_32ns_32ns_32_4_full_dsp_1  |        0|      2|  231|  225|    0|
    |jedi_fadd_32ns_32ns_32_4_full_dsp_1_U4425  |jedi_fadd_32ns_32ns_32_4_full_dsp_1  |        0|      2|  231|  225|    0|
    |jedi_fadd_32ns_32ns_32_4_full_dsp_1_U4426  |jedi_fadd_32ns_32ns_32_4_full_dsp_1  |        0|      2|  231|  225|    0|
    |jedi_fadd_32ns_32ns_32_4_full_dsp_1_U4427  |jedi_fadd_32ns_32ns_32_4_full_dsp_1  |        0|      2|  231|  225|    0|
    |jedi_fadd_32ns_32ns_32_4_full_dsp_1_U4428  |jedi_fadd_32ns_32ns_32_4_full_dsp_1  |        0|      2|  231|  225|    0|
    |jedi_fadd_32ns_32ns_32_4_full_dsp_1_U4429  |jedi_fadd_32ns_32ns_32_4_full_dsp_1  |        0|      2|  231|  225|    0|
    |jedi_fadd_32ns_32ns_32_4_full_dsp_1_U4430  |jedi_fadd_32ns_32ns_32_4_full_dsp_1  |        0|      2|  231|  225|    0|
    |jedi_fadd_32ns_32ns_32_4_full_dsp_1_U4431  |jedi_fadd_32ns_32ns_32_4_full_dsp_1  |        0|      2|  231|  225|    0|
    |jedi_fadd_32ns_32ns_32_4_full_dsp_1_U4432  |jedi_fadd_32ns_32ns_32_4_full_dsp_1  |        0|      2|  231|  225|    0|
    |jedi_fadd_32ns_32ns_32_4_full_dsp_1_U4433  |jedi_fadd_32ns_32ns_32_4_full_dsp_1  |        0|      2|  231|  225|    0|
    |jedi_fadd_32ns_32ns_32_4_full_dsp_1_U4434  |jedi_fadd_32ns_32ns_32_4_full_dsp_1  |        0|      2|  231|  225|    0|
    |jedi_fadd_32ns_32ns_32_4_full_dsp_1_U4435  |jedi_fadd_32ns_32ns_32_4_full_dsp_1  |        0|      2|  231|  225|    0|
    |jedi_fadd_32ns_32ns_32_4_full_dsp_1_U4436  |jedi_fadd_32ns_32ns_32_4_full_dsp_1  |        0|      2|  231|  225|    0|
    |jedi_fadd_32ns_32ns_32_4_full_dsp_1_U4437  |jedi_fadd_32ns_32ns_32_4_full_dsp_1  |        0|      2|  231|  225|    0|
    |jedi_fadd_32ns_32ns_32_4_full_dsp_1_U4438  |jedi_fadd_32ns_32ns_32_4_full_dsp_1  |        0|      2|  231|  225|    0|
    |jedi_fadd_32ns_32ns_32_4_full_dsp_1_U4439  |jedi_fadd_32ns_32ns_32_4_full_dsp_1  |        0|      2|  231|  225|    0|
    |jedi_fadd_32ns_32ns_32_4_full_dsp_1_U4440  |jedi_fadd_32ns_32ns_32_4_full_dsp_1  |        0|      2|  231|  225|    0|
    |jedi_fadd_32ns_32ns_32_4_full_dsp_1_U4441  |jedi_fadd_32ns_32ns_32_4_full_dsp_1  |        0|      2|  231|  225|    0|
    |jedi_fadd_32ns_32ns_32_4_full_dsp_1_U4442  |jedi_fadd_32ns_32ns_32_4_full_dsp_1  |        0|      2|  231|  225|    0|
    |jedi_fadd_32ns_32ns_32_4_full_dsp_1_U4443  |jedi_fadd_32ns_32ns_32_4_full_dsp_1  |        0|      2|  231|  225|    0|
    |jedi_fadd_32ns_32ns_32_4_full_dsp_1_U4444  |jedi_fadd_32ns_32ns_32_4_full_dsp_1  |        0|      2|  231|  225|    0|
    |jedi_fadd_32ns_32ns_32_4_full_dsp_1_U4445  |jedi_fadd_32ns_32ns_32_4_full_dsp_1  |        0|      2|  231|  225|    0|
    |jedi_fadd_32ns_32ns_32_4_full_dsp_1_U4446  |jedi_fadd_32ns_32ns_32_4_full_dsp_1  |        0|      2|  231|  225|    0|
    |jedi_fadd_32ns_32ns_32_4_full_dsp_1_U4447  |jedi_fadd_32ns_32ns_32_4_full_dsp_1  |        0|      2|  231|  225|    0|
    |jedi_fadd_32ns_32ns_32_4_full_dsp_1_U4448  |jedi_fadd_32ns_32ns_32_4_full_dsp_1  |        0|      2|  231|  225|    0|
    |jedi_fadd_32ns_32ns_32_4_full_dsp_1_U4449  |jedi_fadd_32ns_32ns_32_4_full_dsp_1  |        0|      2|  231|  225|    0|
    |jedi_fadd_32ns_32ns_32_4_full_dsp_1_U4450  |jedi_fadd_32ns_32ns_32_4_full_dsp_1  |        0|      2|  231|  225|    0|
    |jedi_fadd_32ns_32ns_32_4_full_dsp_1_U4451  |jedi_fadd_32ns_32ns_32_4_full_dsp_1  |        0|      2|  231|  225|    0|
    |jedi_fadd_32ns_32ns_32_4_full_dsp_1_U4452  |jedi_fadd_32ns_32ns_32_4_full_dsp_1  |        0|      2|  231|  225|    0|
    |jedi_fadd_32ns_32ns_32_4_full_dsp_1_U4453  |jedi_fadd_32ns_32ns_32_4_full_dsp_1  |        0|      2|  231|  225|    0|
    |jedi_fadd_32ns_32ns_32_4_full_dsp_1_U4454  |jedi_fadd_32ns_32ns_32_4_full_dsp_1  |        0|      2|  231|  225|    0|
    |jedi_fadd_32ns_32ns_32_4_full_dsp_1_U4455  |jedi_fadd_32ns_32ns_32_4_full_dsp_1  |        0|      2|  231|  225|    0|
    |jedi_fadd_32ns_32ns_32_4_full_dsp_1_U4456  |jedi_fadd_32ns_32ns_32_4_full_dsp_1  |        0|      2|  231|  225|    0|
    |jedi_fadd_32ns_32ns_32_4_full_dsp_1_U4457  |jedi_fadd_32ns_32ns_32_4_full_dsp_1  |        0|      2|  231|  225|    0|
    |jedi_fadd_32ns_32ns_32_4_full_dsp_1_U4458  |jedi_fadd_32ns_32ns_32_4_full_dsp_1  |        0|      2|  231|  225|    0|
    |jedi_fadd_32ns_32ns_32_4_full_dsp_1_U4459  |jedi_fadd_32ns_32ns_32_4_full_dsp_1  |        0|      2|  231|  225|    0|
    |jedi_fadd_32ns_32ns_32_4_full_dsp_1_U4460  |jedi_fadd_32ns_32ns_32_4_full_dsp_1  |        0|      2|  231|  225|    0|
    |jedi_fadd_32ns_32ns_32_4_full_dsp_1_U4461  |jedi_fadd_32ns_32ns_32_4_full_dsp_1  |        0|      2|  231|  225|    0|
    |jedi_fadd_32ns_32ns_32_4_full_dsp_1_U4462  |jedi_fadd_32ns_32ns_32_4_full_dsp_1  |        0|      2|  231|  225|    0|
    |jedi_fadd_32ns_32ns_32_4_full_dsp_1_U4463  |jedi_fadd_32ns_32ns_32_4_full_dsp_1  |        0|      2|  231|  225|    0|
    |jedi_fadd_32ns_32ns_32_4_full_dsp_1_U4464  |jedi_fadd_32ns_32ns_32_4_full_dsp_1  |        0|      2|  231|  225|    0|
    |jedi_fadd_32ns_32ns_32_4_full_dsp_1_U4465  |jedi_fadd_32ns_32ns_32_4_full_dsp_1  |        0|      2|  231|  225|    0|
    |jedi_fadd_32ns_32ns_32_4_full_dsp_1_U4466  |jedi_fadd_32ns_32ns_32_4_full_dsp_1  |        0|      2|  231|  225|    0|
    |jedi_fadd_32ns_32ns_32_4_full_dsp_1_U4467  |jedi_fadd_32ns_32ns_32_4_full_dsp_1  |        0|      2|  231|  225|    0|
    |jedi_fadd_32ns_32ns_32_4_full_dsp_1_U4468  |jedi_fadd_32ns_32ns_32_4_full_dsp_1  |        0|      2|  231|  225|    0|
    |jedi_fadd_32ns_32ns_32_4_full_dsp_1_U4469  |jedi_fadd_32ns_32ns_32_4_full_dsp_1  |        0|      2|  231|  225|    0|
    |jedi_fadd_32ns_32ns_32_4_full_dsp_1_U4470  |jedi_fadd_32ns_32ns_32_4_full_dsp_1  |        0|      2|  231|  225|    0|
    |jedi_fadd_32ns_32ns_32_4_full_dsp_1_U4471  |jedi_fadd_32ns_32ns_32_4_full_dsp_1  |        0|      2|  231|  225|    0|
    |jedi_fadd_32ns_32ns_32_4_full_dsp_1_U4472  |jedi_fadd_32ns_32ns_32_4_full_dsp_1  |        0|      2|  231|  225|    0|
    |jedi_fadd_32ns_32ns_32_4_full_dsp_1_U4473  |jedi_fadd_32ns_32ns_32_4_full_dsp_1  |        0|      2|  231|  225|    0|
    |jedi_fmul_32ns_32ns_32_3_max_dsp_1_U4474   |jedi_fmul_32ns_32ns_32_3_max_dsp_1   |        0|      3|  128|   77|    0|
    |jedi_fmul_32ns_32ns_32_3_max_dsp_1_U4475   |jedi_fmul_32ns_32ns_32_3_max_dsp_1   |        0|      3|  128|   77|    0|
    |jedi_fmul_32ns_32ns_32_3_max_dsp_1_U4476   |jedi_fmul_32ns_32ns_32_3_max_dsp_1   |        0|      3|  128|   77|    0|
    |jedi_fmul_32ns_32ns_32_3_max_dsp_1_U4477   |jedi_fmul_32ns_32ns_32_3_max_dsp_1   |        0|      3|  128|   77|    0|
    |jedi_fmul_32ns_32ns_32_3_max_dsp_1_U4478   |jedi_fmul_32ns_32ns_32_3_max_dsp_1   |        0|      3|  128|   77|    0|
    |jedi_fmul_32ns_32ns_32_3_max_dsp_1_U4479   |jedi_fmul_32ns_32ns_32_3_max_dsp_1   |        0|      3|  128|   77|    0|
    |jedi_fmul_32ns_32ns_32_3_max_dsp_1_U4480   |jedi_fmul_32ns_32ns_32_3_max_dsp_1   |        0|      3|  128|   77|    0|
    |jedi_fmul_32ns_32ns_32_3_max_dsp_1_U4481   |jedi_fmul_32ns_32ns_32_3_max_dsp_1   |        0|      3|  128|   77|    0|
    |jedi_fmul_32ns_32ns_32_3_max_dsp_1_U4482   |jedi_fmul_32ns_32ns_32_3_max_dsp_1   |        0|      3|  128|   77|    0|
    |jedi_fmul_32ns_32ns_32_3_max_dsp_1_U4483   |jedi_fmul_32ns_32ns_32_3_max_dsp_1   |        0|      3|  128|   77|    0|
    |jedi_fmul_32ns_32ns_32_3_max_dsp_1_U4484   |jedi_fmul_32ns_32ns_32_3_max_dsp_1   |        0|      3|  128|   77|    0|
    |jedi_fmul_32ns_32ns_32_3_max_dsp_1_U4485   |jedi_fmul_32ns_32ns_32_3_max_dsp_1   |        0|      3|  128|   77|    0|
    |jedi_fmul_32ns_32ns_32_3_max_dsp_1_U4486   |jedi_fmul_32ns_32ns_32_3_max_dsp_1   |        0|      3|  128|   77|    0|
    |jedi_fmul_32ns_32ns_32_3_max_dsp_1_U4487   |jedi_fmul_32ns_32ns_32_3_max_dsp_1   |        0|      3|  128|   77|    0|
    |jedi_fmul_32ns_32ns_32_3_max_dsp_1_U4488   |jedi_fmul_32ns_32ns_32_3_max_dsp_1   |        0|      3|  128|   77|    0|
    |jedi_fmul_32ns_32ns_32_3_max_dsp_1_U4489   |jedi_fmul_32ns_32ns_32_3_max_dsp_1   |        0|      3|  128|   77|    0|
    |jedi_fmul_32ns_32ns_32_3_max_dsp_1_U4490   |jedi_fmul_32ns_32ns_32_3_max_dsp_1   |        0|      3|  128|   77|    0|
    |jedi_fmul_32ns_32ns_32_3_max_dsp_1_U4491   |jedi_fmul_32ns_32ns_32_3_max_dsp_1   |        0|      3|  128|   77|    0|
    |jedi_fmul_32ns_32ns_32_3_max_dsp_1_U4492   |jedi_fmul_32ns_32ns_32_3_max_dsp_1   |        0|      3|  128|   77|    0|
    |jedi_fmul_32ns_32ns_32_3_max_dsp_1_U4493   |jedi_fmul_32ns_32ns_32_3_max_dsp_1   |        0|      3|  128|   77|    0|
    |jedi_fmul_32ns_32ns_32_3_max_dsp_1_U4494   |jedi_fmul_32ns_32ns_32_3_max_dsp_1   |        0|      3|  128|   77|    0|
    |jedi_fmul_32ns_32ns_32_3_max_dsp_1_U4495   |jedi_fmul_32ns_32ns_32_3_max_dsp_1   |        0|      3|  128|   77|    0|
    |jedi_fmul_32ns_32ns_32_3_max_dsp_1_U4496   |jedi_fmul_32ns_32ns_32_3_max_dsp_1   |        0|      3|  128|   77|    0|
    |jedi_fmul_32ns_32ns_32_3_max_dsp_1_U4497   |jedi_fmul_32ns_32ns_32_3_max_dsp_1   |        0|      3|  128|   77|    0|
    |jedi_fmul_32ns_32ns_32_3_max_dsp_1_U4498   |jedi_fmul_32ns_32ns_32_3_max_dsp_1   |        0|      3|  128|   77|    0|
    |jedi_fmul_32ns_32ns_32_3_max_dsp_1_U4499   |jedi_fmul_32ns_32ns_32_3_max_dsp_1   |        0|      3|  128|   77|    0|
    |jedi_fmul_32ns_32ns_32_3_max_dsp_1_U4500   |jedi_fmul_32ns_32ns_32_3_max_dsp_1   |        0|      3|  128|   77|    0|
    |jedi_fmul_32ns_32ns_32_3_max_dsp_1_U4501   |jedi_fmul_32ns_32ns_32_3_max_dsp_1   |        0|      3|  128|   77|    0|
    |jedi_fmul_32ns_32ns_32_3_max_dsp_1_U4502   |jedi_fmul_32ns_32ns_32_3_max_dsp_1   |        0|      3|  128|   77|    0|
    |jedi_fmul_32ns_32ns_32_3_max_dsp_1_U4503   |jedi_fmul_32ns_32ns_32_3_max_dsp_1   |        0|      3|  128|   77|    0|
    |jedi_fmul_32ns_32ns_32_3_max_dsp_1_U4504   |jedi_fmul_32ns_32ns_32_3_max_dsp_1   |        0|      3|  128|   77|    0|
    |jedi_fmul_32ns_32ns_32_3_max_dsp_1_U4505   |jedi_fmul_32ns_32ns_32_3_max_dsp_1   |        0|      3|  128|   77|    0|
    |jedi_fmul_32ns_32ns_32_3_max_dsp_1_U4506   |jedi_fmul_32ns_32ns_32_3_max_dsp_1   |        0|      3|  128|   77|    0|
    |jedi_fmul_32ns_32ns_32_3_max_dsp_1_U4507   |jedi_fmul_32ns_32ns_32_3_max_dsp_1   |        0|      3|  128|   77|    0|
    |jedi_fmul_32ns_32ns_32_3_max_dsp_1_U4508   |jedi_fmul_32ns_32ns_32_3_max_dsp_1   |        0|      3|  128|   77|    0|
    |jedi_fmul_32ns_32ns_32_3_max_dsp_1_U4509   |jedi_fmul_32ns_32ns_32_3_max_dsp_1   |        0|      3|  128|   77|    0|
    |jedi_fmul_32ns_32ns_32_3_max_dsp_1_U4510   |jedi_fmul_32ns_32ns_32_3_max_dsp_1   |        0|      3|  128|   77|    0|
    |jedi_fmul_32ns_32ns_32_3_max_dsp_1_U4511   |jedi_fmul_32ns_32ns_32_3_max_dsp_1   |        0|      3|  128|   77|    0|
    |jedi_fmul_32ns_32ns_32_3_max_dsp_1_U4512   |jedi_fmul_32ns_32ns_32_3_max_dsp_1   |        0|      3|  128|   77|    0|
    |jedi_fmul_32ns_32ns_32_3_max_dsp_1_U4513   |jedi_fmul_32ns_32ns_32_3_max_dsp_1   |        0|      3|  128|   77|    0|
    |jedi_fmul_32ns_32ns_32_3_max_dsp_1_U4514   |jedi_fmul_32ns_32ns_32_3_max_dsp_1   |        0|      3|  128|   77|    0|
    |jedi_fmul_32ns_32ns_32_3_max_dsp_1_U4515   |jedi_fmul_32ns_32ns_32_3_max_dsp_1   |        0|      3|  128|   77|    0|
    |jedi_fmul_32ns_32ns_32_3_max_dsp_1_U4516   |jedi_fmul_32ns_32ns_32_3_max_dsp_1   |        0|      3|  128|   77|    0|
    |jedi_fmul_32ns_32ns_32_3_max_dsp_1_U4517   |jedi_fmul_32ns_32ns_32_3_max_dsp_1   |        0|      3|  128|   77|    0|
    |jedi_fmul_32ns_32ns_32_3_max_dsp_1_U4518   |jedi_fmul_32ns_32ns_32_3_max_dsp_1   |        0|      3|  128|   77|    0|
    |jedi_fmul_32ns_32ns_32_3_max_dsp_1_U4519   |jedi_fmul_32ns_32ns_32_3_max_dsp_1   |        0|      3|  128|   77|    0|
    |jedi_fmul_32ns_32ns_32_3_max_dsp_1_U4520   |jedi_fmul_32ns_32ns_32_3_max_dsp_1   |        0|      3|  128|   77|    0|
    |jedi_fmul_32ns_32ns_32_3_max_dsp_1_U4521   |jedi_fmul_32ns_32ns_32_3_max_dsp_1   |        0|      3|  128|   77|    0|
    |jedi_fmul_32ns_32ns_32_3_max_dsp_1_U4522   |jedi_fmul_32ns_32ns_32_3_max_dsp_1   |        0|      3|  128|   77|    0|
    |jedi_fmul_32ns_32ns_32_3_max_dsp_1_U4523   |jedi_fmul_32ns_32ns_32_3_max_dsp_1   |        0|      3|  128|   77|    0|
    |jedi_fmul_32ns_32ns_32_3_max_dsp_1_U4524   |jedi_fmul_32ns_32ns_32_3_max_dsp_1   |        0|      3|  128|   77|    0|
    |jedi_fmul_32ns_32ns_32_3_max_dsp_1_U4525   |jedi_fmul_32ns_32ns_32_3_max_dsp_1   |        0|      3|  128|   77|    0|
    |jedi_fmul_32ns_32ns_32_3_max_dsp_1_U4526   |jedi_fmul_32ns_32ns_32_3_max_dsp_1   |        0|      3|  128|   77|    0|
    |jedi_fmul_32ns_32ns_32_3_max_dsp_1_U4527   |jedi_fmul_32ns_32ns_32_3_max_dsp_1   |        0|      3|  128|   77|    0|
    |jedi_fmul_32ns_32ns_32_3_max_dsp_1_U4528   |jedi_fmul_32ns_32ns_32_3_max_dsp_1   |        0|      3|  128|   77|    0|
    |jedi_fmul_32ns_32ns_32_3_max_dsp_1_U4529   |jedi_fmul_32ns_32ns_32_3_max_dsp_1   |        0|      3|  128|   77|    0|
    |jedi_fmul_32ns_32ns_32_3_max_dsp_1_U4530   |jedi_fmul_32ns_32ns_32_3_max_dsp_1   |        0|      3|  128|   77|    0|
    |jedi_fmul_32ns_32ns_32_3_max_dsp_1_U4531   |jedi_fmul_32ns_32ns_32_3_max_dsp_1   |        0|      3|  128|   77|    0|
    |jedi_fmul_32ns_32ns_32_3_max_dsp_1_U4532   |jedi_fmul_32ns_32ns_32_3_max_dsp_1   |        0|      3|  128|   77|    0|
    |jedi_fmul_32ns_32ns_32_3_max_dsp_1_U4533   |jedi_fmul_32ns_32ns_32_3_max_dsp_1   |        0|      3|  128|   77|    0|
    |jedi_fmul_32ns_32ns_32_3_max_dsp_1_U4534   |jedi_fmul_32ns_32ns_32_3_max_dsp_1   |        0|      3|  128|   77|    0|
    |jedi_fmul_32ns_32ns_32_3_max_dsp_1_U4535   |jedi_fmul_32ns_32ns_32_3_max_dsp_1   |        0|      3|  128|   77|    0|
    |jedi_fmul_32ns_32ns_32_3_max_dsp_1_U4536   |jedi_fmul_32ns_32ns_32_3_max_dsp_1   |        0|      3|  128|   77|    0|
    |jedi_fmul_32ns_32ns_32_3_max_dsp_1_U4537   |jedi_fmul_32ns_32ns_32_3_max_dsp_1   |        0|      3|  128|   77|    0|
    |jedi_fmul_32ns_32ns_32_3_max_dsp_1_U4538   |jedi_fmul_32ns_32ns_32_3_max_dsp_1   |        0|      3|  128|   77|    0|
    |jedi_fmul_32ns_32ns_32_3_max_dsp_1_U4539   |jedi_fmul_32ns_32ns_32_3_max_dsp_1   |        0|      3|  128|   77|    0|
    |jedi_fmul_32ns_32ns_32_3_max_dsp_1_U4540   |jedi_fmul_32ns_32ns_32_3_max_dsp_1   |        0|      3|  128|   77|    0|
    |jedi_fmul_32ns_32ns_32_3_max_dsp_1_U4541   |jedi_fmul_32ns_32ns_32_3_max_dsp_1   |        0|      3|  128|   77|    0|
    |jedi_fmul_32ns_32ns_32_3_max_dsp_1_U4542   |jedi_fmul_32ns_32ns_32_3_max_dsp_1   |        0|      3|  128|   77|    0|
    |jedi_fmul_32ns_32ns_32_3_max_dsp_1_U4543   |jedi_fmul_32ns_32ns_32_3_max_dsp_1   |        0|      3|  128|   77|    0|
    |jedi_fmul_32ns_32ns_32_3_max_dsp_1_U4544   |jedi_fmul_32ns_32ns_32_3_max_dsp_1   |        0|      3|  128|   77|    0|
    |jedi_fmul_32ns_32ns_32_3_max_dsp_1_U4545   |jedi_fmul_32ns_32ns_32_3_max_dsp_1   |        0|      3|  128|   77|    0|
    |jedi_fmul_32ns_32ns_32_3_max_dsp_1_U4546   |jedi_fmul_32ns_32ns_32_3_max_dsp_1   |        0|      3|  128|   77|    0|
    |jedi_fmul_32ns_32ns_32_3_max_dsp_1_U4547   |jedi_fmul_32ns_32ns_32_3_max_dsp_1   |        0|      3|  128|   77|    0|
    |jedi_fmul_32ns_32ns_32_3_max_dsp_1_U4548   |jedi_fmul_32ns_32ns_32_3_max_dsp_1   |        0|      3|  128|   77|    0|
    +-------------------------------------------+-------------------------------------+---------+-------+-----+-----+-----+
    |Total                                      |                                     |        0|    375|26925|22650|    0|
    +-------------------------------------------+-------------------------------------+---------+-------+-----+-----+-----+

    * DSP48E: 
    N/A

    * Memory: 
    N/A

    * FIFO: 
    N/A

    * Expression: 
    N/A

    * Multiplexer: 
    N/A

    * Register: 
    +-------------------------+----+----+-----+-----------+
    |           Name          | FF | LUT| Bits| Const Bits|
    +-------------------------+----+----+-----+-----------+
    |data_0_read_int_reg      |  32|   0|   32|          0|
    |data_10_read11_reg_1055  |  32|   0|   32|          0|
    |data_10_read_int_reg     |  32|   0|   32|          0|
    |data_11_read12_reg_1046  |  32|   0|   32|          0|
    |data_11_read_int_reg     |  32|   0|   32|          0|
    |data_12_read13_reg_1037  |  32|   0|   32|          0|
    |data_12_read_int_reg     |  32|   0|   32|          0|
    |data_13_read14_reg_1028  |  32|   0|   32|          0|
    |data_13_read_int_reg     |  32|   0|   32|          0|
    |data_14_read15_reg_1019  |  32|   0|   32|          0|
    |data_14_read_int_reg     |  32|   0|   32|          0|
    |data_1_read_15_reg_1136  |  32|   0|   32|          0|
    |data_1_read_int_reg      |  32|   0|   32|          0|
    |data_2_read_15_reg_1127  |  32|   0|   32|          0|
    |data_2_read_int_reg      |  32|   0|   32|          0|
    |data_3_read_15_reg_1118  |  32|   0|   32|          0|
    |data_3_read_int_reg      |  32|   0|   32|          0|
    |data_4_read_15_reg_1109  |  32|   0|   32|          0|
    |data_4_read_int_reg      |  32|   0|   32|          0|
    |data_5_read_14_reg_1100  |  32|   0|   32|          0|
    |data_5_read_int_reg      |  32|   0|   32|          0|
    |data_6_read_14_reg_1091  |  32|   0|   32|          0|
    |data_6_read_int_reg      |  32|   0|   32|          0|
    |data_7_read_14_reg_1082  |  32|   0|   32|          0|
    |data_7_read_int_reg      |  32|   0|   32|          0|
    |data_8_read_14_reg_1073  |  32|   0|   32|          0|
    |data_8_read_int_reg      |  32|   0|   32|          0|
    |data_9_read_14_reg_1064  |  32|   0|   32|          0|
    |data_9_read_int_reg      |  32|   0|   32|          0|
    |tmp1_reg_1154            |  32|   0|   32|          0|
    |tmp_0_1_reg_1159         |  32|   0|   32|          0|
    |tmp_0_2_reg_1164         |  32|   0|   32|          0|
    |tmp_0_3_reg_1169         |  32|   0|   32|          0|
    |tmp_0_4_reg_1174         |  32|   0|   32|          0|
    |tmp_10_1_reg_1634        |  32|   0|   32|          0|
    |tmp_10_2_reg_1639        |  32|   0|   32|          0|
    |tmp_10_3_reg_1644        |  32|   0|   32|          0|
    |tmp_10_4_reg_1649        |  32|   0|   32|          0|
    |tmp_10_reg_1629          |  32|   0|   32|          0|
    |tmp_11_1_reg_1684        |  32|   0|   32|          0|
    |tmp_11_2_reg_1689        |  32|   0|   32|          0|
    |tmp_11_3_reg_1694        |  32|   0|   32|          0|
    |tmp_11_4_reg_1699        |  32|   0|   32|          0|
    |tmp_11_reg_1679          |  32|   0|   32|          0|
    |tmp_12_1_reg_1734        |  32|   0|   32|          0|
    |tmp_12_2_reg_1739        |  32|   0|   32|          0|
    |tmp_12_3_reg_1744        |  32|   0|   32|          0|
    |tmp_12_4_reg_1749        |  32|   0|   32|          0|
    |tmp_12_reg_1729          |  32|   0|   32|          0|
    |tmp_13_1_reg_1784        |  32|   0|   32|          0|
    |tmp_13_2_reg_1789        |  32|   0|   32|          0|
    |tmp_13_3_reg_1794        |  32|   0|   32|          0|
    |tmp_13_4_reg_1799        |  32|   0|   32|          0|
    |tmp_13_reg_1779          |  32|   0|   32|          0|
    |tmp_1417_1_reg_1834      |  32|   0|   32|          0|
    |tmp_1417_2_reg_1839      |  32|   0|   32|          0|
    |tmp_1417_3_reg_1844      |  32|   0|   32|          0|
    |tmp_1417_4_reg_1849      |  32|   0|   32|          0|
    |tmp_14_0_1_reg_1209      |  32|   0|   32|          0|
    |tmp_14_0_2_reg_1214      |  32|   0|   32|          0|
    |tmp_14_0_3_reg_1219      |  32|   0|   32|          0|
    |tmp_14_0_4_reg_1224      |  32|   0|   32|          0|
    |tmp_14_10_1_reg_1709     |  32|   0|   32|          0|
    |tmp_14_10_2_reg_1714     |  32|   0|   32|          0|
    |tmp_14_10_3_reg_1719     |  32|   0|   32|          0|
    |tmp_14_10_4_reg_1724     |  32|   0|   32|          0|
    |tmp_14_10_reg_1754       |  32|   0|   32|          0|
    |tmp_14_11_1_reg_1759     |  32|   0|   32|          0|
    |tmp_14_11_2_reg_1764     |  32|   0|   32|          0|
    |tmp_14_11_3_reg_1769     |  32|   0|   32|          0|
    |tmp_14_11_4_reg_1774     |  32|   0|   32|          0|
    |tmp_14_11_reg_1804       |  32|   0|   32|          0|
    |tmp_14_12_1_reg_1809     |  32|   0|   32|          0|
    |tmp_14_12_2_reg_1814     |  32|   0|   32|          0|
    |tmp_14_12_3_reg_1819     |  32|   0|   32|          0|
    |tmp_14_12_4_reg_1824     |  32|   0|   32|          0|
    |tmp_14_12_reg_1854       |  32|   0|   32|          0|
    |tmp_14_13_1_reg_1859     |  32|   0|   32|          0|
    |tmp_14_13_2_reg_1864     |  32|   0|   32|          0|
    |tmp_14_13_3_reg_1869     |  32|   0|   32|          0|
    |tmp_14_13_4_reg_1874     |  32|   0|   32|          0|
    |tmp_14_1_1_reg_1259      |  32|   0|   32|          0|
    |tmp_14_1_2_reg_1264      |  32|   0|   32|          0|
    |tmp_14_1_3_reg_1269      |  32|   0|   32|          0|
    |tmp_14_1_4_reg_1274      |  32|   0|   32|          0|
    |tmp_14_1_reg_1254        |  32|   0|   32|          0|
    |tmp_14_2_1_reg_1309      |  32|   0|   32|          0|
    |tmp_14_2_2_reg_1314      |  32|   0|   32|          0|
    |tmp_14_2_3_reg_1319      |  32|   0|   32|          0|
    |tmp_14_2_4_reg_1324      |  32|   0|   32|          0|
    |tmp_14_2_reg_1304        |  32|   0|   32|          0|
    |tmp_14_3_1_reg_1359      |  32|   0|   32|          0|
    |tmp_14_3_2_reg_1364      |  32|   0|   32|          0|
    |tmp_14_3_3_reg_1369      |  32|   0|   32|          0|
    |tmp_14_3_4_reg_1374      |  32|   0|   32|          0|
    |tmp_14_3_reg_1354        |  32|   0|   32|          0|
    |tmp_14_4_1_reg_1409      |  32|   0|   32|          0|
    |tmp_14_4_2_reg_1414      |  32|   0|   32|          0|
    |tmp_14_4_3_reg_1419      |  32|   0|   32|          0|
    |tmp_14_4_4_reg_1424      |  32|   0|   32|          0|
    |tmp_14_4_reg_1404        |  32|   0|   32|          0|
    |tmp_14_5_1_reg_1459      |  32|   0|   32|          0|
    |tmp_14_5_2_reg_1464      |  32|   0|   32|          0|
    |tmp_14_5_3_reg_1469      |  32|   0|   32|          0|
    |tmp_14_5_4_reg_1474      |  32|   0|   32|          0|
    |tmp_14_5_reg_1454        |  32|   0|   32|          0|
    |tmp_14_6_1_reg_1509      |  32|   0|   32|          0|
    |tmp_14_6_2_reg_1514      |  32|   0|   32|          0|
    |tmp_14_6_3_reg_1519      |  32|   0|   32|          0|
    |tmp_14_6_4_reg_1524      |  32|   0|   32|          0|
    |tmp_14_6_reg_1504        |  32|   0|   32|          0|
    |tmp_14_7_1_reg_1559      |  32|   0|   32|          0|
    |tmp_14_7_2_reg_1564      |  32|   0|   32|          0|
    |tmp_14_7_3_reg_1569      |  32|   0|   32|          0|
    |tmp_14_7_4_reg_1574      |  32|   0|   32|          0|
    |tmp_14_7_reg_1554        |  32|   0|   32|          0|
    |tmp_14_8_1_reg_1609      |  32|   0|   32|          0|
    |tmp_14_8_2_reg_1614      |  32|   0|   32|          0|
    |tmp_14_8_3_reg_1619      |  32|   0|   32|          0|
    |tmp_14_8_4_reg_1624      |  32|   0|   32|          0|
    |tmp_14_8_reg_1604        |  32|   0|   32|          0|
    |tmp_14_9_1_reg_1659      |  32|   0|   32|          0|
    |tmp_14_9_2_reg_1664      |  32|   0|   32|          0|
    |tmp_14_9_3_reg_1669      |  32|   0|   32|          0|
    |tmp_14_9_4_reg_1674      |  32|   0|   32|          0|
    |tmp_14_9_reg_1654        |  32|   0|   32|          0|
    |tmp_14_reg_1204          |  32|   0|   32|          0|
    |tmp_14_s_reg_1704        |  32|   0|   32|          0|
    |tmp_1_1_reg_1184         |  32|   0|   32|          0|
    |tmp_1_2_reg_1189         |  32|   0|   32|          0|
    |tmp_1_3_reg_1194         |  32|   0|   32|          0|
    |tmp_1_4_reg_1199         |  32|   0|   32|          0|
    |tmp_1_reg_1179           |  32|   0|   32|          0|
    |tmp_2_1_reg_1234         |  32|   0|   32|          0|
    |tmp_2_2_reg_1239         |  32|   0|   32|          0|
    |tmp_2_3_reg_1244         |  32|   0|   32|          0|
    |tmp_2_4_reg_1249         |  32|   0|   32|          0|
    |tmp_2_reg_1229           |  32|   0|   32|          0|
    |tmp_3_1_reg_1284         |  32|   0|   32|          0|
    |tmp_3_2_reg_1289         |  32|   0|   32|          0|
    |tmp_3_3_reg_1294         |  32|   0|   32|          0|
    |tmp_3_4_reg_1299         |  32|   0|   32|          0|
    |tmp_3_reg_1279           |  32|   0|   32|          0|
    |tmp_4_1_reg_1334         |  32|   0|   32|          0|
    |tmp_4_2_reg_1339         |  32|   0|   32|          0|
    |tmp_4_3_reg_1344         |  32|   0|   32|          0|
    |tmp_4_4_reg_1349         |  32|   0|   32|          0|
    |tmp_4_reg_1329           |  32|   0|   32|          0|
    |tmp_5_1_reg_1384         |  32|   0|   32|          0|
    |tmp_5_2_reg_1389         |  32|   0|   32|          0|
    |tmp_5_3_reg_1394         |  32|   0|   32|          0|
    |tmp_5_4_reg_1399         |  32|   0|   32|          0|
    |tmp_5_reg_1379           |  32|   0|   32|          0|
    |tmp_6_1_reg_1434         |  32|   0|   32|          0|
    |tmp_6_2_reg_1439         |  32|   0|   32|          0|
    |tmp_6_3_reg_1444         |  32|   0|   32|          0|
    |tmp_6_4_reg_1449         |  32|   0|   32|          0|
    |tmp_6_reg_1429           |  32|   0|   32|          0|
    |tmp_7_1_reg_1484         |  32|   0|   32|          0|
    |tmp_7_2_reg_1489         |  32|   0|   32|          0|
    |tmp_7_3_reg_1494         |  32|   0|   32|          0|
    |tmp_7_4_reg_1499         |  32|   0|   32|          0|
    |tmp_7_reg_1479           |  32|   0|   32|          0|
    |tmp_8_1_reg_1534         |  32|   0|   32|          0|
    |tmp_8_2_reg_1539         |  32|   0|   32|          0|
    |tmp_8_3_reg_1544         |  32|   0|   32|          0|
    |tmp_8_4_reg_1549         |  32|   0|   32|          0|
    |tmp_8_reg_1529           |  32|   0|   32|          0|
    |tmp_9_1_reg_1584         |  32|   0|   32|          0|
    |tmp_9_2_reg_1589         |  32|   0|   32|          0|
    |tmp_9_3_reg_1594         |  32|   0|   32|          0|
    |tmp_9_4_reg_1599         |  32|   0|   32|          0|
    |tmp_9_reg_1579           |  32|   0|   32|          0|
    |tmp_s_reg_1829           |  32|   0|   32|          0|
    |data_10_read11_reg_1055  |  64|  64|   32|          0|
    |data_11_read12_reg_1046  |  64|  64|   32|          0|
    |data_12_read13_reg_1037  |  64|  64|   32|          0|
    |data_13_read14_reg_1028  |  64|  64|   32|          0|
    |data_14_read15_reg_1019  |  64|  64|   32|          0|
    |data_1_read_15_reg_1136  |  64|  32|   32|          0|
    |data_2_read_15_reg_1127  |  64|  32|   32|          0|
    |data_3_read_15_reg_1118  |  64|  32|   32|          0|
    |data_4_read_15_reg_1109  |  64|  32|   32|          0|
    |data_5_read_14_reg_1100  |  64|  32|   32|          0|
    |data_6_read_14_reg_1091  |  64|  32|   32|          0|
    |data_7_read_14_reg_1082  |  64|  32|   32|          0|
    |data_8_read_14_reg_1073  |  64|  40|   32|          0|
    |data_9_read_14_reg_1064  |  64|  64|   32|          0|
    +-------------------------+----+----+-----+-----------+
    |Total                    |6464| 648| 6016|          0|
    +-------------------------+----+----+-----+-----------+



================================================================
== Interface
================================================================
* Summary: 
+--------------+-----+-----+------------+---------------------------+--------------+
|   RTL Ports  | Dir | Bits|  Protocol  |       Source Object       |    C Type    |
+--------------+-----+-----+------------+---------------------------+--------------+
|ap_clk        |  in |    1| ap_ctrl_hs | dense_latency.0.0.0.0.0.0 | return value |
|ap_rst        |  in |    1| ap_ctrl_hs | dense_latency.0.0.0.0.0.0 | return value |
|ap_return_0   | out |   32| ap_ctrl_hs | dense_latency.0.0.0.0.0.0 | return value |
|ap_return_1   | out |   32| ap_ctrl_hs | dense_latency.0.0.0.0.0.0 | return value |
|ap_return_2   | out |   32| ap_ctrl_hs | dense_latency.0.0.0.0.0.0 | return value |
|ap_return_3   | out |   32| ap_ctrl_hs | dense_latency.0.0.0.0.0.0 | return value |
|ap_return_4   | out |   32| ap_ctrl_hs | dense_latency.0.0.0.0.0.0 | return value |
|data_0_read   |  in |   32|   ap_none  |        data_0_read        |    scalar    |
|data_1_read   |  in |   32|   ap_none  |        data_1_read        |    scalar    |
|data_2_read   |  in |   32|   ap_none  |        data_2_read        |    scalar    |
|data_3_read   |  in |   32|   ap_none  |        data_3_read        |    scalar    |
|data_4_read   |  in |   32|   ap_none  |        data_4_read        |    scalar    |
|data_5_read   |  in |   32|   ap_none  |        data_5_read        |    scalar    |
|data_6_read   |  in |   32|   ap_none  |        data_6_read        |    scalar    |
|data_7_read   |  in |   32|   ap_none  |        data_7_read        |    scalar    |
|data_8_read   |  in |   32|   ap_none  |        data_8_read        |    scalar    |
|data_9_read   |  in |   32|   ap_none  |        data_9_read        |    scalar    |
|data_10_read  |  in |   32|   ap_none  |        data_10_read       |    scalar    |
|data_11_read  |  in |   32|   ap_none  |        data_11_read       |    scalar    |
|data_12_read  |  in |   32|   ap_none  |        data_12_read       |    scalar    |
|data_13_read  |  in |   32|   ap_none  |        data_13_read       |    scalar    |
|data_14_read  |  in |   32|   ap_none  |        data_14_read       |    scalar    |
+--------------+-----+-----+------------+---------------------------+--------------+

