

================================================================
== Vivado HLS Report for 'dnn1_float_float_dense1_config_s'
================================================================
* Date:           Sun Jul 18 16:09:10 2021

* Version:        2019.2 (Build 2704478 on Wed Nov 06 22:10:23 MST 2019)
* Project:        myproject_prj
* Solution:       solution1
* Product family: virtexuplus
* Target device:  xcu250-figd2104-2L-e


================================================================
== Performance Estimates
================================================================
+ Timing: 
    * Summary: 
    +--------+---------+----------+------------+
    |  Clock |  Target | Estimated| Uncertainty|
    +--------+---------+----------+------------+
    |ap_clk  | 5.00 ns | 5.845 ns |   0.62 ns  |
    +--------+---------+----------+------------+

+ Latency: 
    * Summary: 
    +---------+---------+----------+----------+-----+-----+---------+
    |  Latency (cycles) |  Latency (absolute) |  Interval | Pipeline|
    |   min   |   max   |    min   |    max   | min | max |   Type  |
    +---------+---------+----------+----------+-----+-----+---------+
    |      353|      353| 2.063 us | 2.063 us |  353|  353|   none  |
    +---------+---------+----------+----------+-----+-----+---------+

    + Detail: 
        * Instance: 
        +-------------------------------------------------------------------------+---------------------------------------------------------------+---------+---------+-----------+-----------+-----+-----+----------+
        |                                                                         |                                                               |  Latency (cycles) |   Latency (absolute)  |  Interval | Pipeline |
        |                                 Instance                                |                             Module                            |   min   |   max   |    min    |    max    | min | max |   Type   |
        +-------------------------------------------------------------------------+---------------------------------------------------------------+---------+---------+-----------+-----------+-----+-----+----------+
        |grp_dense_latency_0_0_0_0_0_0_0_0_0_0_0_0_0_0_0_0_2_fu_22                |dense_latency_0_0_0_0_0_0_0_0_0_0_0_0_0_0_0_0_2                |      122|      122|  0.713 us |  0.713 us |    1|    1| function |
        |grp_dense_latency_0_0_0_0_0_0_0_0_0_0_0_1_fu_56                          |dense_latency_0_0_0_0_0_0_0_0_0_0_0_1                          |       62|       62|  0.362 us |  0.362 us |    1|    1| function |
        |grp_dense_latency_0_0_0_0_0_0_0_0_0_0_0_0_0_0_0_0_0_0_0_0_0_0_0_2_fu_75  |dense_latency_0_0_0_0_0_0_0_0_0_0_0_0_0_0_0_0_0_0_0_0_0_0_0_2  |      135|      135|  0.789 us |  0.789 us |   16|   16| function |
        |grp_selu_float_float_relu1_config_struct_s_fu_81                         |selu_float_float_relu1_config_struct_s                         |        9|        9| 52.605 ns | 52.605 ns |    1|    1| function |
        |grp_selu_float_float_relu2_config_struct_s_fu_117                        |selu_float_float_relu2_config_struct_s                         |        9|        9| 52.605 ns | 52.605 ns |    1|    1| function |
        |grp_selu_float_float_selu1_config_struct_s_fu_138                        |selu_float_float_selu1_config_struct_s                         |       13|       13| 75.985 ns | 75.985 ns |    5|    5| function |
        +-------------------------------------------------------------------------+---------------------------------------------------------------+---------+---------+-----------+-----------+-----+-----+----------+

        * Loop: 
        N/A



================================================================
== Utilization Estimates
================================================================
* Summary: 
+---------------------+---------+-------+---------+---------+------+
|         Name        | BRAM_18K| DSP48E|    FF   |   LUT   | URAM |
+---------------------+---------+-------+---------+---------+------+
|DSP                  |        -|      -|        -|        -|     -|
|Expression           |        -|      -|        -|        -|     -|
|FIFO                 |        -|      -|        -|        -|     -|
|Instance             |       48|   3582|   409122|   278312|     -|
|Memory               |        -|      -|        -|        -|     -|
|Multiplexer          |        -|      -|        -|     1565|     -|
|Register             |        -|      -|     1317|        -|     -|
+---------------------+---------+-------+---------+---------+------+
|Total                |       48|   3582|   410439|   279877|     0|
+---------------------+---------+-------+---------+---------+------+
|Available SLR        |     1344|   3072|   864000|   432000|   320|
+---------------------+---------+-------+---------+---------+------+
|Utilization SLR (%)  |        3|    116|       47|       64|     0|
+---------------------+---------+-------+---------+---------+------+
|Available            |     5376|  12288|  3456000|  1728000|  1280|
+---------------------+---------+-------+---------+---------+------+
|Utilization (%)      |    ~0   |     29|       11|       16|     0|
+---------------------+---------+-------+---------+---------+------+

+ Detail: 
    * Instance: 
    +-------------------------------------------------------------------------+---------------------------------------------------------------+---------+-------+--------+--------+-----+
    |                                 Instance                                |                             Module                            | BRAM_18K| DSP48E|   FF   |   LUT  | URAM|
    +-------------------------------------------------------------------------+---------------------------------------------------------------+---------+-------+--------+--------+-----+
    |grp_dense_latency_0_0_0_0_0_0_0_0_0_0_0_0_0_0_0_0_0_0_0_0_0_0_0_2_fu_75  |dense_latency_0_0_0_0_0_0_0_0_0_0_0_0_0_0_0_0_0_0_0_0_0_0_0_2  |        0|    300|  110141|   55987|    0|
    |grp_dense_latency_0_0_0_0_0_0_0_0_0_0_0_0_0_0_0_0_2_fu_22                |dense_latency_0_0_0_0_0_0_0_0_0_0_0_0_0_0_0_0_2                |        0|   2250|  193614|  138191|    0|
    |grp_dense_latency_0_0_0_0_0_0_0_0_0_0_0_1_fu_56                          |dense_latency_0_0_0_0_0_0_0_0_0_0_0_1                          |        0|    750|   64954|   45948|    0|
    |grp_selu_float_float_relu1_config_struct_s_fu_81                         |selu_float_float_relu1_config_struct_s                         |       30|    180|   25360|   23796|    0|
    |grp_selu_float_float_relu2_config_struct_s_fu_117                        |selu_float_float_relu2_config_struct_s                         |       16|     90|   12685|   11901|    0|
    |grp_selu_float_float_selu1_config_struct_s_fu_138                        |selu_float_float_selu1_config_struct_s                         |        2|     12|    2368|    2489|    0|
    +-------------------------------------------------------------------------+---------------------------------------------------------------+---------+-------+--------+--------+-----+
    |Total                                                                    |                                                               |       48|   3582|  409122|  278312|    0|
    +-------------------------------------------------------------------------+---------------------------------------------------------------+---------+-------+--------+--------+-----+

    * DSP48E: 
    N/A

    * Memory: 
    N/A

    * FIFO: 
    N/A

    * Expression: 
    N/A

    * Multiplexer: 
    +-----------+------+-----------+-----+-----------+
    |    Name   |  LUT | Input Size| Bits| Total Bits|
    +-----------+------+-----------+-----+-----------+
    |ap_NS_fsm  |  1565|        355|    1|        355|
    +-----------+------+-----------+-----+-----------+
    |Total      |  1565|        355|    1|        355|
    +-----------+------+-----------+-----+-----------+

    * Register: 
    +----------------------------------------------------------------+-----+----+-----+-----------+
    |                              Name                              |  FF | LUT| Bits| Const Bits|
    +----------------------------------------------------------------+-----+----+-----+-----------+
    |ap_CS_fsm                                                       |  354|   0|  354|          0|
    |grp_selu_float_float_relu1_config_struct_s_fu_81_ap_start_reg   |    1|   0|    1|          0|
    |grp_selu_float_float_relu2_config_struct_s_fu_117_ap_start_reg  |    1|   0|    1|          0|
    |grp_selu_float_float_selu1_config_struct_s_fu_138_ap_start_reg  |    1|   0|    1|          0|
    |layer2_out_0_reg_626                                            |   32|   0|   32|          0|
    |layer2_out_10_reg_676                                           |   32|   0|   32|          0|
    |layer2_out_11_reg_681                                           |   32|   0|   32|          0|
    |layer2_out_12_reg_686                                           |   32|   0|   32|          0|
    |layer2_out_13_reg_691                                           |   32|   0|   32|          0|
    |layer2_out_14_reg_696                                           |   32|   0|   32|          0|
    |layer2_out_15_reg_701                                           |   32|   0|   32|          0|
    |layer2_out_16_reg_706                                           |   32|   0|   32|          0|
    |layer2_out_17_reg_711                                           |   32|   0|   32|          0|
    |layer2_out_18_reg_716                                           |   32|   0|   32|          0|
    |layer2_out_19_reg_721                                           |   32|   0|   32|          0|
    |layer2_out_1_reg_631                                            |   32|   0|   32|          0|
    |layer2_out_20_reg_726                                           |   32|   0|   32|          0|
    |layer2_out_21_reg_731                                           |   32|   0|   32|          0|
    |layer2_out_22_reg_736                                           |   32|   0|   32|          0|
    |layer2_out_23_reg_741                                           |   32|   0|   32|          0|
    |layer2_out_24_reg_746                                           |   32|   0|   32|          0|
    |layer2_out_25_reg_751                                           |   32|   0|   32|          0|
    |layer2_out_26_reg_756                                           |   32|   0|   32|          0|
    |layer2_out_27_reg_761                                           |   32|   0|   32|          0|
    |layer2_out_28_reg_766                                           |   32|   0|   32|          0|
    |layer2_out_29_reg_771                                           |   32|   0|   32|          0|
    |layer2_out_2_reg_636                                            |   32|   0|   32|          0|
    |layer2_out_3_reg_641                                            |   32|   0|   32|          0|
    |layer2_out_4_reg_646                                            |   32|   0|   32|          0|
    |layer2_out_5_reg_651                                            |   32|   0|   32|          0|
    |layer2_out_6_reg_656                                            |   32|   0|   32|          0|
    |layer2_out_7_reg_661                                            |   32|   0|   32|          0|
    |layer2_out_8_reg_666                                            |   32|   0|   32|          0|
    |layer2_out_9_reg_671                                            |   32|   0|   32|          0|
    +----------------------------------------------------------------+-----+----+-----+-----------+
    |Total                                                           | 1317|   0| 1317|          0|
    +----------------------------------------------------------------+-----+----+-----+-----------+



================================================================
== Interface
================================================================
* Summary: 
+------------------+-----+-----+------------+-----------------------------------+--------------+
|     RTL Ports    | Dir | Bits|  Protocol  |           Source Object           |    C Type    |
+------------------+-----+-----+------------+-----------------------------------+--------------+
|ap_clk            |  in |    1| ap_ctrl_hs | dnn1<float, float, dense1_config> | return value |
|ap_rst            |  in |    1| ap_ctrl_hs | dnn1<float, float, dense1_config> | return value |
|ap_start          |  in |    1| ap_ctrl_hs | dnn1<float, float, dense1_config> | return value |
|ap_done           | out |    1| ap_ctrl_hs | dnn1<float, float, dense1_config> | return value |
|ap_idle           | out |    1| ap_ctrl_hs | dnn1<float, float, dense1_config> | return value |
|ap_ready          | out |    1| ap_ctrl_hs | dnn1<float, float, dense1_config> | return value |
|input_r_address0  | out |    5|  ap_memory |              input_r              |     array    |
|input_r_ce0       | out |    1|  ap_memory |              input_r              |     array    |
|input_r_q0        |  in |   32|  ap_memory |              input_r              |     array    |
|input_r_address1  | out |    5|  ap_memory |              input_r              |     array    |
|input_r_ce1       | out |    1|  ap_memory |              input_r              |     array    |
|input_r_q1        |  in |   32|  ap_memory |              input_r              |     array    |
|res_address0      | out |    4|  ap_memory |                res                |     array    |
|res_ce0           | out |    1|  ap_memory |                res                |     array    |
|res_we0           | out |    1|  ap_memory |                res                |     array    |
|res_d0            | out |   32|  ap_memory |                res                |     array    |
|res_address1      | out |    4|  ap_memory |                res                |     array    |
|res_ce1           | out |    1|  ap_memory |                res                |     array    |
|res_we1           | out |    1|  ap_memory |                res                |     array    |
|res_d1            | out |   32|  ap_memory |                res                |     array    |
+------------------+-----+-----+------------+-----------------------------------+--------------+

