

================================================================
== Vivado HLS Report for 'jedi_multiply_float_float_mult_3_struct_s'
================================================================
* Date:           Sun Jul 18 16:09:24 2021

* Version:        2019.2 (Build 2704478 on Wed Nov 06 22:10:23 MST 2019)
* Project:        myproject_prj
* Solution:       solution1
* Product family: virtexuplus
* Target device:  xcu250-figd2104-2L-e


================================================================
== Performance Estimates
================================================================
+ Timing: 
    * Summary: 
    +--------+---------+----------+------------+
    |  Clock |  Target | Estimated| Uncertainty|
    +--------+---------+----------+------------+
    |ap_clk  | 5.00 ns | 4.084 ns |   0.62 ns  |
    +--------+---------+----------+------------+

+ Latency: 
    * Summary: 
    +-----------+-----------+-----------+-----------+-----------+-----------+---------+
    |    Latency (cycles)   |   Latency (absolute)  |        Interval       | Pipeline|
    |    min    |    max    |    min    |    max    |    min    |    max    |   Type  |
    +-----------+-----------+-----------+-----------+-----------+-----------+---------+
    |  368778021|  368778021| 1.844 sec | 1.844 sec |  368778021|  368778021|   none  |
    +-----------+-----------+-----------+-----------+-----------+-----------+---------+

    + Detail: 
        * Instance: 
        N/A

        * Loop: 
        +-------------------+-----------+-----------+----------+-----------+-----------+-------+----------+
        |                   |    Latency (cycles)   | Iteration|  Initiation Interval  |  Trip |          |
        |     Loop Name     |    min    |    max    |  Latency |  achieved |   target  | Count | Pipelined|
        +-------------------+-----------+-----------+----------+-----------+-----------+-------+----------+
        |- Product1         |  368778020|  368778020|  36877802|          -|          -|     10|    no    |
        | + Product1.1      |   36877800|   36877800|    245852|          -|          -|    150|    no    |
        |  ++ Product1.1.1  |     245850|     245850|        11|          -|          -|  22350|    no    |
        +-------------------+-----------+-----------+----------+-----------+-----------+-------+----------+



================================================================
== Utilization Estimates
================================================================
* Summary: 
+---------------------+---------+-------+---------+---------+------+
|         Name        | BRAM_18K| DSP48E|    FF   |   LUT   | URAM |
+---------------------+---------+-------+---------+---------+------+
|DSP                  |        -|      -|        -|        -|     -|
|Expression           |        -|      -|        0|      164|     -|
|FIFO                 |        -|      -|        -|        -|     -|
|Instance             |        -|      5|      359|      302|     -|
|Memory               |        -|      -|        -|        -|     -|
|Multiplexer          |        -|      -|        -|      125|     -|
|Register             |        -|      -|      335|        -|     -|
+---------------------+---------+-------+---------+---------+------+
|Total                |        0|      5|      694|      591|     0|
+---------------------+---------+-------+---------+---------+------+
|Available SLR        |     1344|   3072|   864000|   432000|   320|
+---------------------+---------+-------+---------+---------+------+
|Utilization SLR (%)  |        0|   ~0  |    ~0   |    ~0   |     0|
+---------------------+---------+-------+---------+---------+------+
|Available            |     5376|  12288|  3456000|  1728000|  1280|
+---------------------+---------+-------+---------+---------+------+
|Utilization (%)      |        0|   ~0  |    ~0   |    ~0   |     0|
+---------------------+---------+-------+---------+---------+------+

+ Detail: 
    * Instance: 
    +-------------------------------------------+-------------------------------------+---------+-------+-----+-----+-----+
    |                  Instance                 |                Module               | BRAM_18K| DSP48E|  FF | LUT | URAM|
    +-------------------------------------------+-------------------------------------+---------+-------+-----+-----+-----+
    |jedi_fadd_32ns_32ns_32_4_full_dsp_1_U1592  |jedi_fadd_32ns_32ns_32_4_full_dsp_1  |        0|      2|  231|  225|    0|
    |jedi_fmul_32ns_32ns_32_3_max_dsp_1_U1593   |jedi_fmul_32ns_32ns_32_3_max_dsp_1   |        0|      3|  128|   77|    0|
    +-------------------------------------------+-------------------------------------+---------+-------+-----+-----+-----+
    |Total                                      |                                     |        0|      5|  359|  302|    0|
    +-------------------------------------------+-------------------------------------+---------+-------+-----+-----+-----+

    * DSP48E: 
    N/A

    * Memory: 
    N/A

    * FIFO: 
    N/A

    * Expression: 
    +----------------------+----------+-------+---+----+------------+------------+
    |     Variable Name    | Operation| DSP48E| FF| LUT| Bitwidth P0| Bitwidth P1|
    +----------------------+----------+-------+---+----+------------+------------+
    |add_ln50_1_fu_190_p2  |     +    |      0|  0|  18|          18|          15|
    |add_ln50_fu_184_p2    |     +    |      0|  0|  11|          11|           8|
    |add_ln57_fu_228_p2    |     +    |      0|  0|  11|          11|          11|
    |add_ln61_1_fu_267_p2  |     +    |      0|  0|  22|          22|          22|
    |add_ln61_2_fu_261_p2  |     +    |      0|  0|  22|          22|           8|
    |add_ln61_fu_255_p2    |     +    |      0|  0|  18|          18|          18|
    |i_fu_202_p2           |     +    |      0|  0|   6|           4|           1|
    |j_fu_214_p2           |     +    |      0|  0|   8|           8|           1|
    |k_fu_245_p2           |     +    |      0|  0|  15|          15|           1|
    |icmp_ln50_fu_196_p2   |   icmp   |      0|  0|   9|           4|           4|
    |icmp_ln56_fu_208_p2   |   icmp   |      0|  0|  11|           8|           8|
    |icmp_ln59_fu_239_p2   |   icmp   |      0|  0|  13|          15|          15|
    +----------------------+----------+-------+---+----+------------+------------+
    |Total                 |          |      0|  0| 164|         156|         112|
    +----------------------+----------+-------+---+----+------------+------------+

    * Multiplexer: 
    +--------------------+----+-----------+-----+-----------+
    |        Name        | LUT| Input Size| Bits| Total Bits|
    +--------------------+----+-----------+-----+-----------+
    |ap_NS_fsm           |  62|         15|    1|         15|
    |i_0_reg_94          |   9|          2|    4|          8|
    |j_0_reg_129         |   9|          2|    8|         16|
    |k_0_reg_153         |   9|          2|   15|         30|
    |phi_mul1_reg_105    |   9|          2|   18|         36|
    |phi_mul3_reg_117    |   9|          2|   11|         22|
    |phi_mul_reg_164     |   9|          2|   22|         44|
    |storemerge_reg_140  |   9|          2|   32|         64|
    +--------------------+----+-----------+-----+-----------+
    |Total               | 125|         29|  111|        235|
    +--------------------+----+-----------+-----+-----------+

    * Register: 
    +--------------------+----+----+-----+-----------+
    |        Name        | FF | LUT| Bits| Const Bits|
    +--------------------+----+----+-----+-----------+
    |add_ln50_1_reg_286  |  18|   0|   18|          0|
    |add_ln50_reg_281    |  11|   0|   11|          0|
    |add_ln61_2_reg_330  |  22|   0|   22|          0|
    |add_ln61_reg_325    |  18|   0|   18|          0|
    |ap_CS_fsm           |  14|   0|   14|          0|
    |data1_load_reg_345  |  32|   0|   32|          0|
    |data2_load_reg_350  |  32|   0|   32|          0|
    |i_0_reg_94          |   4|   0|    4|          0|
    |i_reg_294           |   4|   0|    4|          0|
    |j_0_reg_129         |   8|   0|    8|          0|
    |j_reg_302           |   8|   0|    8|          0|
    |k_0_reg_153         |  15|   0|   15|          0|
    |k_reg_320           |  15|   0|   15|          0|
    |phi_mul1_reg_105    |  18|   0|   18|          0|
    |phi_mul3_reg_117    |  11|   0|   11|          0|
    |phi_mul_reg_164     |  22|   0|   22|          0|
    |res_addr_reg_312    |  11|   0|   11|          0|
    |storemerge_reg_140  |  32|   0|   32|          0|
    |tmp_reg_355         |  32|   0|   32|          0|
    |zext_ln57_reg_307   |   8|   0|   22|         14|
    +--------------------+----+----+-----+-----------+
    |Total               | 335|   0|  349|         14|
    +--------------------+----+----+-----+-----------+



================================================================
== Interface
================================================================
* Summary: 
+----------------+-----+-----+------------+--------------------------------------------+--------------+
|    RTL Ports   | Dir | Bits|  Protocol  |                Source Object               |    C Type    |
+----------------+-----+-----+------------+--------------------------------------------+--------------+
|ap_clk          |  in |    1| ap_ctrl_hs | jedi_multiply<float, float, mult_3_struct> | return value |
|ap_rst          |  in |    1| ap_ctrl_hs | jedi_multiply<float, float, mult_3_struct> | return value |
|ap_start        |  in |    1| ap_ctrl_hs | jedi_multiply<float, float, mult_3_struct> | return value |
|ap_done         | out |    1| ap_ctrl_hs | jedi_multiply<float, float, mult_3_struct> | return value |
|ap_idle         | out |    1| ap_ctrl_hs | jedi_multiply<float, float, mult_3_struct> | return value |
|ap_ready        | out |    1| ap_ctrl_hs | jedi_multiply<float, float, mult_3_struct> | return value |
|data1_address0  | out |   18|  ap_memory |                    data1                   |     array    |
|data1_ce0       | out |    1|  ap_memory |                    data1                   |     array    |
|data1_q0        |  in |   32|  ap_memory |                    data1                   |     array    |
|data2_address0  | out |   22|  ap_memory |                    data2                   |     array    |
|data2_ce0       | out |    1|  ap_memory |                    data2                   |     array    |
|data2_q0        |  in |   32|  ap_memory |                    data2                   |     array    |
|res_address0    | out |   11|  ap_memory |                     res                    |     array    |
|res_ce0         | out |    1|  ap_memory |                     res                    |     array    |
|res_we0         | out |    1|  ap_memory |                     res                    |     array    |
|res_d0          | out |   32|  ap_memory |                     res                    |     array    |
+----------------+-----+-----+------------+--------------------------------------------+--------------+

