

================================================================
== Vivado HLS Report for 'jedi_dnn3_float_float_dense3_config_s'
================================================================
* Date:           Sun Jul 18 16:11:21 2021

* Version:        2019.2 (Build 2704478 on Wed Nov 06 22:10:23 MST 2019)
* Project:        myproject_prj
* Solution:       solution1
* Product family: virtexuplus
* Target device:  xcu250-figd2104-2L-e


================================================================
== Performance Estimates
================================================================
+ Timing: 
    * Summary: 
    +--------+---------+----------+------------+
    |  Clock |  Target | Estimated| Uncertainty|
    +--------+---------+----------+------------+
    |ap_clk  | 5.00 ns | 5.845 ns |   0.62 ns  |
    +--------+---------+----------+------------+

+ Latency: 
    * Summary: 
    +---------+---------+-----------+-----------+-------+-------+---------+
    |  Latency (cycles) |   Latency (absolute)  |    Interval   | Pipeline|
    |   min   |   max   |    min    |    max    |  min  |  max  |   Type  |
    +---------+---------+-----------+-----------+-------+-------+---------+
    |    10793|    10793| 63.085 us | 63.085 us |  10793|  10793|   none  |
    +---------+---------+-----------+-----------+-------+-------+---------+

    + Detail: 
        * Instance: 
        +---------------------------------------------+----------------------------------+---------+---------+----------+----------+-----+-----+---------+
        |                                             |                                  |  Latency (cycles) |  Latency (absolute) |  Interval | Pipeline|
        |                   Instance                  |              Module              |   min   |   max   |    min   |    max   | min | max |   Type  |
        +---------------------------------------------+----------------------------------+---------+---------+----------+----------+-----+-----+---------+
        |grp_dnn3_float_float_dense3_config_s_fu_121  |dnn3_float_float_dense3_config_s  |      260|      260| 1.520 us | 1.520 us |  260|  260|   none  |
        +---------------------------------------------+----------------------------------+---------+---------+----------+----------+-----+-----+---------+

        * Loop: 
        +-------------+---------+---------+----------+-----------+-----------+------+----------+
        |             |  Latency (cycles) | Iteration|  Initiation Interval  | Trip |          |
        |  Loop Name  |   min   |   max   |  Latency |  achieved |   target  | Count| Pipelined|
        +-------------+---------+---------+----------+-----------+-----------+------+----------+
        |- Loop 1     |       10|       10|         1|          -|          -|    10|    no    |
        |- Loop 2     |    10520|    10520|      1052|          -|          -|    10|    no    |
        | + Loop 2.1  |     1050|     1050|         7|          -|          -|   150|    no    |
        +-------------+---------+---------+----------+-----------+-----------+------+----------+



================================================================
== Utilization Estimates
================================================================
* Summary: 
+---------------------+---------+-------+---------+---------+------+
|         Name        | BRAM_18K| DSP48E|    FF   |   LUT   | URAM |
+---------------------+---------+-------+---------+---------+------+
|DSP                  |        -|      -|        -|        -|     -|
|Expression           |        -|      -|        0|       71|     -|
|FIFO                 |        -|      -|        -|        -|     -|
|Instance             |       48|   3209|   323675|   235823|     -|
|Memory               |        0|      -|       64|        5|     0|
|Multiplexer          |        -|      -|        -|      149|     -|
|Register             |        -|      -|      162|        -|     -|
+---------------------+---------+-------+---------+---------+------+
|Total                |       48|   3209|   323901|   236048|     0|
+---------------------+---------+-------+---------+---------+------+
|Available SLR        |     1344|   3072|   864000|   432000|   320|
+---------------------+---------+-------+---------+---------+------+
|Utilization SLR (%)  |        3|    104|       37|       54|     0|
+---------------------+---------+-------+---------+---------+------+
|Available            |     5376|  12288|  3456000|  1728000|  1280|
+---------------------+---------+-------+---------+---------+------+
|Utilization (%)      |    ~0   |     26|        9|       13|     0|
+---------------------+---------+-------+---------+---------+------+

+ Detail: 
    * Instance: 
    +---------------------------------------------+-------------------------------------+---------+-------+--------+--------+-----+
    |                   Instance                  |                Module               | BRAM_18K| DSP48E|   FF   |   LUT  | URAM|
    +---------------------------------------------+-------------------------------------+---------+-------+--------+--------+-----+
    |grp_dnn3_float_float_dense3_config_s_fu_121  |dnn3_float_float_dense3_config_s     |       48|   3207|  323444|  235598|    0|
    |jedi_fadd_32ns_32ns_32_4_full_dsp_1_U4578    |jedi_fadd_32ns_32ns_32_4_full_dsp_1  |        0|      2|     231|     225|    0|
    +---------------------------------------------+-------------------------------------+---------+-------+--------+--------+-----+
    |Total                                        |                                     |       48|   3209|  323675|  235823|    0|
    +---------------------------------------------+-------------------------------------+---------+-------+--------+--------+-----+

    * DSP48E: 
    N/A

    * Memory: 
    +---------+---------------------------------------------+---------+----+----+-----+------+-----+------+-------------+
    |  Memory |                    Module                   | BRAM_18K| FF | LUT| URAM| Words| Bits| Banks| W*Bits*Banks|
    +---------+---------------------------------------------+---------+----+----+-----+------+-----+------+-------------+
    |O_sum_U  |jedi_dnn3_float_float_dense3_config_s_O_sum  |        0|  64|   5|    0|    10|   32|     1|          320|
    +---------+---------------------------------------------+---------+----+----+-----+------+-----+------+-------------+
    |Total    |                                             |        0|  64|   5|    0|    10|   32|     1|          320|
    +---------+---------------------------------------------+---------+----+----+-----+------+-----+------+-------------+

    * FIFO: 
    N/A

    * Expression: 
    +----------------------+----------+-------+---+----+------------+------------+
    |     Variable Name    | Operation| DSP48E| FF| LUT| Bitwidth P0| Bitwidth P1|
    +----------------------+----------+-------+---+----+------------+------------+
    |add_ln395_fu_155_p2   |     +    |      0|  0|  11|          11|           8|
    |add_ln397_fu_194_p2   |     +    |      0|  0|  11|          11|          11|
    |cols_fu_184_p2        |     +    |      0|  0|   8|           8|           1|
    |i_fu_144_p2           |     +    |      0|  0|   6|           4|           1|
    |rows_fu_167_p2        |     +    |      0|  0|   6|           4|           1|
    |icmp_ln390_fu_138_p2  |   icmp   |      0|  0|   9|           4|           4|
    |icmp_ln395_fu_161_p2  |   icmp   |      0|  0|   9|           4|           4|
    |icmp_ln396_fu_178_p2  |   icmp   |      0|  0|  11|           8|           8|
    +----------------------+----------+-------+---+----+------------+------------+
    |Total                 |          |      0|  0|  71|          54|          38|
    +----------------------+----------+-------+---+----+------------+------------+

    * Multiplexer: 
    +----------------+----+-----------+-----+-----------+
    |      Name      | LUT| Input Size| Bits| Total Bits|
    +----------------+----+-----------+-----+-----------+
    |O_sum_address0  |  21|          4|    4|         16|
    |O_sum_ce0       |  15|          3|    1|          3|
    |O_sum_ce1       |   9|          2|    1|          2|
    |O_sum_d0        |  15|          3|   32|         96|
    |ap_NS_fsm       |  53|         12|    1|         12|
    |cols_0_reg_110  |   9|          2|    8|         16|
    |i_0_reg_76      |   9|          2|    4|          8|
    |phi_mul_reg_98  |   9|          2|   11|         22|
    |rows_0_reg_87   |   9|          2|    4|          8|
    +----------------+----+-----------+-----+-----------+
    |Total           | 149|         32|   66|        183|
    +----------------+----+-----------+-----+-----------+

    * Register: 
    +----------------------------------------------------------+----+----+-----+-----------+
    |                           Name                           | FF | LUT| Bits| Const Bits|
    +----------------------------------------------------------+----+----+-----+-----------+
    |O_load_reg_244                                            |  32|   0|   32|          0|
    |O_sum_addr_1_reg_226                                      |   4|   0|    4|          0|
    |O_sum_load_reg_249                                        |  32|   0|   32|          0|
    |add_ln395_reg_213                                         |  11|   0|   11|          0|
    |ap_CS_fsm                                                 |  11|   0|   11|          0|
    |cols_0_reg_110                                            |   8|   0|    8|          0|
    |cols_reg_234                                              |   8|   0|    8|          0|
    |grp_dnn3_float_float_dense3_config_s_fu_121_ap_start_reg  |   1|   0|    1|          0|
    |i_0_reg_76                                                |   4|   0|    4|          0|
    |phi_mul_reg_98                                            |  11|   0|   11|          0|
    |rows_0_reg_87                                             |   4|   0|    4|          0|
    |rows_reg_221                                              |   4|   0|    4|          0|
    |tmp_reg_254                                               |  32|   0|   32|          0|
    +----------------------------------------------------------+----+----+-----+-----------+
    |Total                                                     | 162|   0|  162|          0|
    +----------------------------------------------------------+----+----+-----+-----------+



================================================================
== Interface
================================================================
* Summary: 
+--------------+-----+-----+------------+----------------------------------------+--------------+
|   RTL Ports  | Dir | Bits|  Protocol  |              Source Object             |    C Type    |
+--------------+-----+-----+------------+----------------------------------------+--------------+
|ap_clk        |  in |    1| ap_ctrl_hs | jedi_dnn3<float, float, dense3_config> | return value |
|ap_rst        |  in |    1| ap_ctrl_hs | jedi_dnn3<float, float, dense3_config> | return value |
|ap_start      |  in |    1| ap_ctrl_hs | jedi_dnn3<float, float, dense3_config> | return value |
|ap_done       | out |    1| ap_ctrl_hs | jedi_dnn3<float, float, dense3_config> | return value |
|ap_idle       | out |    1| ap_ctrl_hs | jedi_dnn3<float, float, dense3_config> | return value |
|ap_ready      | out |    1| ap_ctrl_hs | jedi_dnn3<float, float, dense3_config> | return value |
|O_address0    | out |   11|  ap_memory |                    O                   |     array    |
|O_ce0         | out |    1|  ap_memory |                    O                   |     array    |
|O_q0          |  in |   32|  ap_memory |                    O                   |     array    |
|res_address0  | out |    3|  ap_memory |                   res                  |     array    |
|res_ce0       | out |    1|  ap_memory |                   res                  |     array    |
|res_we0       | out |    1|  ap_memory |                   res                  |     array    |
|res_d0        | out |   32|  ap_memory |                   res                  |     array    |
|res_address1  | out |    3|  ap_memory |                   res                  |     array    |
|res_ce1       | out |    1|  ap_memory |                   res                  |     array    |
|res_we1       | out |    1|  ap_memory |                   res                  |     array    |
|res_d1        | out |   32|  ap_memory |                   res                  |     array    |
+--------------+-----+-----+------------+----------------------------------------+--------------+

