

================================================================
== Vivado HLS Report for 'jedi_multiply_float_float_mult_1_struct_s'
================================================================
* Date:           Sun Jul 18 16:08:19 2021

* Version:        2019.2 (Build 2704478 on Wed Nov 06 22:10:23 MST 2019)
* Project:        myproject_prj
* Solution:       solution1
* Product family: virtexuplus
* Target device:  xcu250-figd2104-2L-e


================================================================
== Performance Estimates
================================================================
+ Timing: 
    * Summary: 
    +--------+---------+----------+------------+
    |  Clock |  Target | Estimated| Uncertainty|
    +--------+---------+----------+------------+
    |ap_clk  | 5.00 ns | 4.084 ns |   0.62 ns  |
    +--------+---------+----------+------------+

+ Latency: 
    * Summary: 
    +-----------+-----------+-----------+-----------+-----------+-----------+---------+
    |    Latency (cycles)   |   Latency (absolute)  |        Interval       | Pipeline|
    |    min    |    max    |    min    |    max    |    min    |    max    |   Type  |
    +-----------+-----------+-----------+-----------+-----------+-----------+---------+
    |  590755233|  590755233| 2.954 sec | 2.954 sec |  590755233|  590755233|   none  |
    +-----------+-----------+-----------+-----------+-----------+-----------+---------+

    + Detail: 
        * Instance: 
        N/A

        * Loop: 
        +-------------------+-----------+-----------+----------+-----------+-----------+-------+----------+
        |                   |    Latency (cycles)   | Iteration|  Initiation Interval  |  Trip |          |
        |     Loop Name     |    min    |    max    |  Latency |  achieved |   target  | Count | Pipelined|
        +-------------------+-----------+-----------+----------+-----------+-----------+-------+----------+
        |- Product1         |  590755232|  590755232|  36922202|          -|          -|     16|    no    |
        | + Product1.1      |   36922200|   36922200|      1652|          -|          -|  22350|    no    |
        |  ++ Product1.1.1  |       1650|       1650|        11|          -|          -|    150|    no    |
        +-------------------+-----------+-----------+----------+-----------+-----------+-------+----------+



================================================================
== Utilization Estimates
================================================================
* Summary: 
+---------------------+---------+-------+---------+---------+------+
|         Name        | BRAM_18K| DSP48E|    FF   |   LUT   | URAM |
+---------------------+---------+-------+---------+---------+------+
|DSP                  |        -|      -|        -|        -|     -|
|Expression           |        -|      -|        0|      170|     -|
|FIFO                 |        -|      -|        -|        -|     -|
|Instance             |        -|      5|      359|      302|     -|
|Memory               |        -|      -|        -|        -|     -|
|Multiplexer          |        -|      -|        -|      125|     -|
|Register             |        -|      -|      350|        -|     -|
+---------------------+---------+-------+---------+---------+------+
|Total                |        0|      5|      709|      597|     0|
+---------------------+---------+-------+---------+---------+------+
|Available SLR        |     1344|   3072|   864000|   432000|   320|
+---------------------+---------+-------+---------+---------+------+
|Utilization SLR (%)  |        0|   ~0  |    ~0   |    ~0   |     0|
+---------------------+---------+-------+---------+---------+------+
|Available            |     5376|  12288|  3456000|  1728000|  1280|
+---------------------+---------+-------+---------+---------+------+
|Utilization (%)      |        0|   ~0  |    ~0   |    ~0   |     0|
+---------------------+---------+-------+---------+---------+------+

+ Detail: 
    * Instance: 
    +----------------------------------------+-------------------------------------+---------+-------+-----+-----+-----+
    |                Instance                |                Module               | BRAM_18K| DSP48E|  FF | LUT | URAM|
    +----------------------------------------+-------------------------------------+---------+-------+-----+-----+-----+
    |jedi_fadd_32ns_32ns_32_4_full_dsp_1_U1  |jedi_fadd_32ns_32ns_32_4_full_dsp_1  |        0|      2|  231|  225|    0|
    |jedi_fmul_32ns_32ns_32_3_max_dsp_1_U2   |jedi_fmul_32ns_32ns_32_3_max_dsp_1   |        0|      3|  128|   77|    0|
    +----------------------------------------+-------------------------------------+---------+-------+-----+-----+-----+
    |Total                                   |                                     |        0|      5|  359|  302|    0|
    +----------------------------------------+-------------------------------------+---------+-------+-----+-----+-----+

    * DSP48E: 
    N/A

    * Memory: 
    N/A

    * FIFO: 
    N/A

    * Expression: 
    +----------------------+----------+-------+---+----+------------+------------+
    |     Variable Name    | Operation| DSP48E| FF| LUT| Bitwidth P0| Bitwidth P1|
    +----------------------+----------+-------+---+----+------------+------------+
    |add_ln50_5_fu_190_p2  |     +    |      0|  0|  12|          12|           8|
    |add_ln50_fu_184_p2    |     +    |      0|  0|  19|          19|          15|
    |add_ln57_fu_228_p2    |     +    |      0|  0|  19|          19|          19|
    |add_ln61_3_fu_267_p2  |     +    |      0|  0|  22|          22|          22|
    |add_ln61_4_fu_261_p2  |     +    |      0|  0|  22|          22|          15|
    |add_ln61_fu_255_p2    |     +    |      0|  0|  12|          12|          12|
    |i_fu_202_p2           |     +    |      0|  0|   6|           5|           1|
    |j_fu_214_p2           |     +    |      0|  0|  15|          15|           1|
    |k_fu_245_p2           |     +    |      0|  0|   8|           8|           1|
    |icmp_ln50_fu_196_p2   |   icmp   |      0|  0|  11|           5|           6|
    |icmp_ln56_fu_208_p2   |   icmp   |      0|  0|  13|          15|          15|
    |icmp_ln59_fu_239_p2   |   icmp   |      0|  0|  11|           8|           8|
    +----------------------+----------+-------+---+----+------------+------------+
    |Total                 |          |      0|  0| 170|         162|         123|
    +----------------------+----------+-------+---+----+------------+------------+

    * Multiplexer: 
    +--------------------+----+-----------+-----+-----------+
    |        Name        | LUT| Input Size| Bits| Total Bits|
    +--------------------+----+-----------+-----+-----------+
    |ap_NS_fsm           |  62|         15|    1|         15|
    |i_0_reg_94          |   9|          2|    5|         10|
    |j_0_reg_129         |   9|          2|   15|         30|
    |k_0_reg_153         |   9|          2|    8|         16|
    |phi_mul1_reg_105    |   9|          2|   12|         24|
    |phi_mul3_reg_117    |   9|          2|   19|         38|
    |phi_mul_reg_164     |   9|          2|   22|         44|
    |storemerge_reg_140  |   9|          2|   32|         64|
    +--------------------+----+-----------+-----+-----------+
    |Total               | 125|         29|  114|        241|
    +--------------------+----+-----------+-----+-----------+

    * Register: 
    +--------------------+----+----+-----+-----------+
    |        Name        | FF | LUT| Bits| Const Bits|
    +--------------------+----+----+-----+-----------+
    |add_ln50_5_reg_286  |  12|   0|   12|          0|
    |add_ln50_reg_281    |  19|   0|   19|          0|
    |add_ln61_4_reg_330  |  22|   0|   22|          0|
    |add_ln61_reg_325    |  12|   0|   12|          0|
    |ap_CS_fsm           |  14|   0|   14|          0|
    |data1_load_reg_345  |  32|   0|   32|          0|
    |data2_load_reg_350  |  32|   0|   32|          0|
    |i_0_reg_94          |   5|   0|    5|          0|
    |i_reg_294           |   5|   0|    5|          0|
    |j_0_reg_129         |  15|   0|   15|          0|
    |j_reg_302           |  15|   0|   15|          0|
    |k_0_reg_153         |   8|   0|    8|          0|
    |k_reg_320           |   8|   0|    8|          0|
    |phi_mul1_reg_105    |  12|   0|   12|          0|
    |phi_mul3_reg_117    |  19|   0|   19|          0|
    |phi_mul_reg_164     |  22|   0|   22|          0|
    |res_addr_reg_312    |  19|   0|   19|          0|
    |storemerge_reg_140  |  32|   0|   32|          0|
    |tmp_reg_355         |  32|   0|   32|          0|
    |zext_ln57_reg_307   |  15|   0|   22|          7|
    +--------------------+----+----+-----+-----------+
    |Total               | 350|   0|  357|          7|
    +--------------------+----+----+-----+-----------+



================================================================
== Interface
================================================================
* Summary: 
+----------------+-----+-----+------------+--------------------------------------------+--------------+
|    RTL Ports   | Dir | Bits|  Protocol  |                Source Object               |    C Type    |
+----------------+-----+-----+------------+--------------------------------------------+--------------+
|ap_clk          |  in |    1| ap_ctrl_hs | jedi_multiply<float, float, mult_1_struct> | return value |
|ap_rst          |  in |    1| ap_ctrl_hs | jedi_multiply<float, float, mult_1_struct> | return value |
|ap_start        |  in |    1| ap_ctrl_hs | jedi_multiply<float, float, mult_1_struct> | return value |
|ap_done         | out |    1| ap_ctrl_hs | jedi_multiply<float, float, mult_1_struct> | return value |
|ap_idle         | out |    1| ap_ctrl_hs | jedi_multiply<float, float, mult_1_struct> | return value |
|ap_ready        | out |    1| ap_ctrl_hs | jedi_multiply<float, float, mult_1_struct> | return value |
|data1_address0  | out |   15|  ap_memory |                    data1                   |     array    |
|data1_ce0       | out |    1|  ap_memory |                    data1                   |     array    |
|data1_q0        |  in |   32|  ap_memory |                    data1                   |     array    |
|data2_address0  | out |   22|  ap_memory |                    data2                   |     array    |
|data2_ce0       | out |    1|  ap_memory |                    data2                   |     array    |
|data2_q0        |  in |   32|  ap_memory |                    data2                   |     array    |
|res_address0    | out |   19|  ap_memory |                     res                    |     array    |
|res_ce0         | out |    1|  ap_memory |                     res                    |     array    |
|res_we0         | out |    1|  ap_memory |                     res                    |     array    |
|res_d0          | out |   32|  ap_memory |                     res                    |     array    |
+----------------+-----+-----+------------+--------------------------------------------+--------------+

